Archive member included to satisfy reference by file (symbol)

/opt/libdragon/lib/gcc/mips64-elf/13.1.0/../../../../mips64-elf/lib/libdragon.a(n64sys.o)
                              build/src/main.o (__bbplayer)
/opt/libdragon/lib/gcc/mips64-elf/13.1.0/../../../../mips64-elf/lib/libdragon.a(entrypoint.o)
                              (_start)
/opt/libdragon/lib/gcc/mips64-elf/13.1.0/../../../../mips64-elf/lib/libdragon.a(debug.o)
                              build/src/main.o (debug_init_usblog)
/opt/libdragon/lib/gcc/mips64-elf/13.1.0/../../../../mips64-elf/lib/libdragon.a(usb.o)
                              /opt/libdragon/lib/gcc/mips64-elf/13.1.0/../../../../mips64-elf/lib/libdragon.a(debug.o) (usb_write)
/opt/libdragon/lib/gcc/mips64-elf/13.1.0/../../../../mips64-elf/lib/libdragon.a(cart.o)
                              /opt/libdragon/lib/gcc/mips64-elf/13.1.0/../../../../mips64-elf/lib/libdragon.a(debug.o) (cart_init)
/opt/libdragon/lib/gcc/mips64-elf/13.1.0/../../../../mips64-elf/lib/libdragon.a(ff.o)
                              /opt/libdragon/lib/gcc/mips64-elf/13.1.0/../../../../mips64-elf/lib/libdragon.a(debug.o) (f_mount)
/opt/libdragon/lib/gcc/mips64-elf/13.1.0/../../../../mips64-elf/lib/libdragon.a(ffunicode.o)
                              /opt/libdragon/lib/gcc/mips64-elf/13.1.0/../../../../mips64-elf/lib/libdragon.a(ff.o) (ff_uni2oem)
/opt/libdragon/lib/gcc/mips64-elf/13.1.0/../../../../mips64-elf/lib/libdragon.a(dragonfs.o)
                              build/src/main.o (dfs_init)
/opt/libdragon/lib/gcc/mips64-elf/13.1.0/../../../../mips64-elf/lib/libdragon.a(audio.o)
                              build/src/main.o (audio_init)
/opt/libdragon/lib/gcc/mips64-elf/13.1.0/../../../../mips64-elf/lib/libdragon.a(display.o)
                              build/src/main.o (display_init)
/opt/libdragon/lib/gcc/mips64-elf/13.1.0/../../../../mips64-elf/lib/libdragon.a(surface.o)
                              build/src/perspective.o (surface_alloc)
/opt/libdragon/lib/gcc/mips64-elf/13.1.0/../../../../mips64-elf/lib/libdragon.a(controller.o)
                              build/src/main.o (controller_init)
/opt/libdragon/lib/gcc/mips64-elf/13.1.0/../../../../mips64-elf/lib/libdragon.a(rsp.o)
                              /opt/libdragon/lib/gcc/mips64-elf/13.1.0/../../../../mips64-elf/lib/libdragon.a(display.o) (__rsp_crash)
/opt/libdragon/lib/gcc/mips64-elf/13.1.0/../../../../mips64-elf/lib/libdragon.a(rsp_crash.o)
                              /opt/libdragon/lib/gcc/mips64-elf/13.1.0/../../../../mips64-elf/lib/libdragon.a(rsp.o) (rsp_crash_data_start)
/opt/libdragon/lib/gcc/mips64-elf/13.1.0/../../../../mips64-elf/lib/libdragon.a(inspector.o)
                              /opt/libdragon/lib/gcc/mips64-elf/13.1.0/../../../../mips64-elf/lib/libdragon.a(debug.o) (__inspector_assertion)
/opt/libdragon/lib/gcc/mips64-elf/13.1.0/../../../../mips64-elf/lib/libdragon.a(sprite.o)
                              build/src/object.o (sprite_load)
/opt/libdragon/lib/gcc/mips64-elf/13.1.0/../../../../mips64-elf/lib/libdragon.a(dma.o)
                              /opt/libdragon/lib/gcc/mips64-elf/13.1.0/../../../../mips64-elf/lib/libdragon.a(debug.o) (io_accessible)
/opt/libdragon/lib/gcc/mips64-elf/13.1.0/../../../../mips64-elf/lib/libdragon.a(timer.o)
                              build/src/main.o (timer_init)
/opt/libdragon/lib/gcc/mips64-elf/13.1.0/../../../../mips64-elf/lib/libdragon.a(exception.o)
                              /opt/libdragon/lib/gcc/mips64-elf/13.1.0/../../../../mips64-elf/lib/libdragon.a(inspector.o) (__exception_dump_header)
/opt/libdragon/lib/gcc/mips64-elf/13.1.0/../../../../mips64-elf/lib/libdragon.a(do_ctors.o)
                              /opt/libdragon/lib/gcc/mips64-elf/13.1.0/../../../../mips64-elf/lib/libdragon.a(entrypoint.o) (__wrap___do_global_ctors)
/opt/libdragon/lib/gcc/mips64-elf/13.1.0/../../../../mips64-elf/lib/libdragon.a(mixer.o)
                              build/src/main.o (mixer_init)
/opt/libdragon/lib/gcc/mips64-elf/13.1.0/../../../../mips64-elf/lib/libdragon.a(samplebuffer.o)
                              /opt/libdragon/lib/gcc/mips64-elf/13.1.0/../../../../mips64-elf/lib/libdragon.a(mixer.o) (samplebuffer_init)
/opt/libdragon/lib/gcc/mips64-elf/13.1.0/../../../../mips64-elf/lib/libdragon.a(rsp_mixer.o)
                              /opt/libdragon/lib/gcc/mips64-elf/13.1.0/../../../../mips64-elf/lib/libdragon.a(mixer.o) (rsp_mixer_data_start)
/opt/libdragon/lib/gcc/mips64-elf/13.1.0/../../../../mips64-elf/lib/libdragon.a(rspq.o)
                              /opt/libdragon/lib/gcc/mips64-elf/13.1.0/../../../../mips64-elf/lib/libdragon.a(mixer.o) (rspq_cur_pointer)
/opt/libdragon/lib/gcc/mips64-elf/13.1.0/../../../../mips64-elf/lib/libdragon.a(rsp_queue.o)
                              /opt/libdragon/lib/gcc/mips64-elf/13.1.0/../../../../mips64-elf/lib/libdragon.a(rspq.o) (rsp_queue_text_end)
[...]
Memory Configuration

Name             Origin             Length             Attributes
mem              0x80000000         0x00400000
*default*        0x00000000         0xffffffff

Linker script and memory map

LOAD /opt/libdragon/lib/gcc/mips64-elf/13.1.0/crti.o
LOAD /opt/libdragon/lib/gcc/mips64-elf/13.1.0/crtbegin.o
LOAD build/src/camera.o
LOAD build/src/fan.o
LOAD build/src/lights.o
LOAD build/src/main.o
LOAD build/src/main_game.o
LOAD build/src/mask.o
LOAD build/src/object.o
LOAD build/src/office.o
LOAD build/src/perspective.o
LOAD build/src/util.o
LOAD /opt/libdragon/lib/gcc/mips64-elf/13.1.0/../../../../mips64-elf/lib/libdragon.a
LOAD /opt/libdragon/lib/gcc/mips64-elf/13.1.0/../../../../mips64-elf/lib/libm.a
LOAD /opt/libdragon/lib/gcc/mips64-elf/13.1.0/../../../../mips64-elf/lib/libdragonsys.a
                0x80000000                        __kseg0_start = 0x80000000
                0x80000400                        __libdragon_text_start = (__kseg0_start + 0x400)

.text           0x80000400    0x35e50
 *(.boot)
 .boot          0x80000400      0x18c /opt/libdragon/lib/gcc/mips64-elf/13.1.0/../../../../mips64-elf/lib/libdragon.a(entrypoint.o)
                0x80000400                _start
                0x80000590                        . = ALIGN (0x10)
 *fill*         0x8000058c        0x4 
                0x80000590                        __text_start = .
 *(.text)
 *fill*         0x80000590       0x10 
 .text          0x800005a0      0x360 /opt/libdragon/lib/gcc/mips64-elf/13.1.0/../../../../mips64-elf/lib/libdragon.a(inthandler.o)
                0x800005a0                inthandler
                0x80000900                inthandler_end
 .text          0x80000900      0x1c0 /opt/libdragon/lib/gcc/mips64-elf/13.1.0/../../../../mips64-elf/lib/libm.a(libm_a-s_floor.o)
                0x80000900                floor
 .text          0x80000ac0       0x50 /opt/libdragon/lib/gcc/mips64-elf/13.1.0/../../../../mips64-elf/lib/libm.a(libm_a-wf_sincos.o)
                0x80000ac0                sincosf
 .text          0x80000b10       0xe8 /opt/libdragon/lib/gcc/mips64-elf/13.1.0/../../../../mips64-elf/lib/libm.a(libm_a-sf_cos.o)
                0x80000b10                cosf
 .text          0x80000bf8      0x110 /opt/libdragon/lib/gcc/mips64-elf/13.1.0/../../../../mips64-elf/lib/libm.a(libm_a-sf_floor.o)
                0x80000bf8                floorf
 .text          0x80000d08       0xe0 /opt/libdragon/lib/gcc/mips64-elf/13.1.0/../../../../mips64-elf/lib/libm.a(libm_a-sf_sin.o)
                0x80000d08                sinf
 .text          0x80000de8      0x190 /opt/libdragon/lib/gcc/mips64-elf/13.1.0/../../../../mips64-elf/lib/libm.a(libm_a-kf_cos.o)
                0x80000de8                __kernel_cosf
 .text          0x80000f78       0xd0 /opt/libdragon/lib/gcc/mips64-elf/13.1.0/../../../../mips64-elf/lib/libm.a(libm_a-kf_sin.o)
                0x80000f78                __kernel_sinf
 .text          0x80001048      0x358 /opt/libdragon/lib/gcc/mips64-elf/13.1.0/../../../../mips64-elf/lib/libm.a(libm_a-ef_rem_pio2.o)
                0x80001048                __ieee754_rem_pio2f
 .text          0x800013a0       0x20 /opt/libdragon/lib/gcc/mips64-elf/13.1.0/../../../../mips64-elf/lib/libm.a(libm_a-sf_fabs.o)
                0x800013a0                fabsf
 .text          0x800013c0      0x998 /opt/libdragon/lib/gcc/mips64-elf/13.1.0/../../../../mips64-elf/lib/libm.a(libm_a-kf_rem_pio2.o)
                0x800013c0                __kernel_rem_pio2f
 .text          0x80001d58      0x188 /opt/libdragon/lib/gcc/mips64-elf/13.1.0/../../../../mips64-elf/lib/libm.a(libm_a-sf_scalbn.o)
                0x80001d58                scalbnf
 .text          0x80001ee0       0x18 /opt/libdragon/lib/gcc/mips64-elf/13.1.0/../../../../mips64-elf/lib/libc.a(libc_a-abort.o)
                0x80001ee0                abort
 .text          0x80001ef8       0x20 /opt/libdragon/lib/gcc/mips64-elf/13.1.0/../../../../mips64-elf/lib/libc.a(libc_a-malloc.o)
                0x80001ef8                malloc
                0x80001f08                free
 .text          0x80001f18      0x888 /opt/libdragon/lib/gcc/mips64-elf/13.1.0/../../../../mips64-elf/lib/libc.a(libc_a-mallocr.o)
                0x80001f18                _malloc_r
 .text          0x800027a0       0x10 /opt/libdragon/lib/gcc/mips64-elf/13.1.0/../../../../mips64-elf/lib/libc.a(libc_a-mlock.o)
                0x800027a0                __malloc_lock
                0x800027a8                __malloc_unlock
 .text          0x800027b0       0x18 /opt/libdragon/lib/gcc/mips64-elf/13.1.0/../../../../mips64-elf/lib/libc.a(libc_a-malign.o)
                0x800027b0                memalign
 .text          0x800027c8      0x1f8 /opt/libdragon/lib/gcc/mips64-elf/13.1.0/../../../../mips64-elf/lib/libc.a(libc_a-malignr.o)
                0x800027c8                _memalign_r
 .text          0x800029c0     0x21e8 /opt/libdragon/lib/gcc/mips64-elf/13.1.0/../../../../mips64-elf/lib/libc.a(libc_a-vfprintf.o)
                0x800029c0                _vfprintf_r
                0x80004ac0                vfprintf
 .text          0x80004ba8     0x1390 /opt/libdragon/lib/gcc/mips64-elf/13.1.0/../../../../mips64-elf/lib/libc.a(libc_a-vfiprintf.o)
                0x80004ce0                __sprint_r
                0x80004d00                _vfiprintf_r
                0x80005e50                vfiprintf
 .text          0x80005f38      0x140 /opt/libdragon/lib/gcc/mips64-elf/13.1.0/../../../../mips64-elf/lib/libc.a(libc_a-fclose.o)
                0x80005f38                _fclose_r
                0x80006068                fclose
 .text          0x80006078      0x338 /opt/libdragon/lib/gcc/mips64-elf/13.1.0/../../../../mips64-elf/lib/libc.a(libc_a-fflush.o)
                0x80006078                __sflush_r
                0x800062d0                _fflush_r
                0x80006330                fflush
 .text          0x800063b0      0x3a8 /opt/libdragon/lib/gcc/mips64-elf/13.1.0/../../../../mips64-elf/lib/libc.a(libc_a-findfp.o)
                0x800065a8                __sfp
                0x800066e8                __sinit
                0x80006718                __sfp_lock_acquire
                0x80006720                __sfp_lock_release
                0x80006728                __fp_lock_all
                0x80006740                __fp_unlock_all
 .text          0x80006758      0x138 /opt/libdragon/lib/gcc/mips64-elf/13.1.0/../../../../mips64-elf/lib/libc.a(libc_a-fopen.o)
                0x80006758                _fopen_r
                0x80006878                fopen
 .text          0x80006890       0x68 /opt/libdragon/lib/gcc/mips64-elf/13.1.0/../../../../mips64-elf/lib/libc.a(libc_a-fprintf.o)
                0x80006890                _fprintf_r
                0x800068b8                fprintf
 .text          0x800068f8       0xd0 /opt/libdragon/lib/gcc/mips64-elf/13.1.0/../../../../mips64-elf/lib/libc.a(libc_a-fputc.o)
                0x800068f8                _fputc_r
                0x80006958                fputc
 .text          0x800069c8      0x330 /opt/libdragon/lib/gcc/mips64-elf/13.1.0/../../../../mips64-elf/lib/libc.a(libc_a-fread.o)
                0x800069c8                _fread_r
                0x80006cc8                fread
 .text          0x80006cf8       0x20 /opt/libdragon/lib/gcc/mips64-elf/13.1.0/../../../../mips64-elf/lib/libc.a(libc_a-fseek.o)
                0x80006cf8                _fseek_r
                0x80006d00                fseek
 .text          0x80006d18       0x18 /opt/libdragon/lib/gcc/mips64-elf/13.1.0/../../../../mips64-elf/lib/libc.a(libc_a-ftell.o)
                0x80006d18                _ftell_r
                0x80006d20                ftell
 .text          0x80006d30      0x570 /opt/libdragon/lib/gcc/mips64-elf/13.1.0/../../../../mips64-elf/lib/libc.a(libc_a-fvwrite.o)
                0x80006d30                __sfvwrite_r
 .text          0x800072a0       0xc0 /opt/libdragon/lib/gcc/mips64-elf/13.1.0/../../../../mips64-elf/lib/libc.a(libc_a-fwalk.o)
                0x800072a0                _fwalk_sglue
 .text          0x80007360      0x1f8 /opt/libdragon/lib/gcc/mips64-elf/13.1.0/../../../../mips64-elf/lib/libc.a(libc_a-fwrite.o)
                0x80007360                _fwrite_r
                0x80007468                fwrite
 .text          0x80007558       0x70 /opt/libdragon/lib/gcc/mips64-elf/13.1.0/../../../../mips64-elf/lib/libc.a(libc_a-printf.o)
                0x80007558                _printf_r
                0x80007588                printf
 .text          0x800075c8      0x160 /opt/libdragon/lib/gcc/mips64-elf/13.1.0/../../../../mips64-elf/lib/libc.a(libc_a-putc.o)
                0x800075c8                _putc_r
                0x80007670                putc
 .text          0x80007728       0x20 /opt/libdragon/lib/gcc/mips64-elf/13.1.0/../../../../mips64-elf/lib/libc.a(libc_a-putchar.o)
                0x80007728                _putchar_r
                0x80007730                putchar
 .text          0x80007748       0xe0 /opt/libdragon/lib/gcc/mips64-elf/13.1.0/../../../../mips64-elf/lib/libc.a(libc_a-puts.o)
                0x80007748                _puts_r
                0x80007818                puts
 .text          0x80007828      0x228 /opt/libdragon/lib/gcc/mips64-elf/13.1.0/../../../../mips64-elf/lib/libc.a(libc_a-refill.o)
                0x80007850                __srefill_r
 .text          0x80007a50      0x270 /opt/libdragon/lib/gcc/mips64-elf/13.1.0/../../../../mips64-elf/lib/libc.a(libc_a-setvbuf.o)
                0x80007a50                setvbuf
 .text          0x80007cc0      0x1c8 /opt/libdragon/lib/gcc/mips64-elf/13.1.0/../../../../mips64-elf/lib/libc.a(libc_a-snprintf.o)
                0x80007cc0                _snprintf_r
                0x80007da0                snprintf
 .text          0x80007e88       0xd8 /opt/libdragon/lib/gcc/mips64-elf/13.1.0/../../../../mips64-elf/lib/libc.a(libc_a-sprintf.o)
                0x80007e88                _sprintf_r
                0x80007ef0                sprintf
 .text          0x80007f60      0x190 /opt/libdragon/lib/gcc/mips64-elf/13.1.0/../../../../mips64-elf/lib/libc.a(libc_a-stdio.o)
                0x80007f60                __sread
                0x80007fb8                __seofread
                0x80007fc0                __swrite
                0x80008080                __sseek
                0x800080e8                __sclose
 .text          0x800080f0       0x30 /opt/libdragon/lib/gcc/mips64-elf/13.1.0/../../../../mips64-elf/lib/libc.a(libc_a-vprintf.o)
                0x800080f0                vprintf
                0x80008108                _vprintf_r
 .text          0x80008120      0x1b8 /opt/libdragon/lib/gcc/mips64-elf/13.1.0/../../../../mips64-elf/lib/libc.a(libc_a-wbuf.o)
                0x80008120                __swbuf_r
                0x800082c0                __swbuf
 .text          0x800082d8      0x170 /opt/libdragon/lib/gcc/mips64-elf/13.1.0/../../../../mips64-elf/lib/libc.a(libc_a-wsetup.o)
                0x800082d8                __swsetup_r
 .text          0x80008448      0x4b8 /opt/libdragon/lib/gcc/mips64-elf/13.1.0/../../../../mips64-elf/lib/libc.a(libc_a-fseeko.o)
                0x80008448                _fseeko_r
                0x800088e8                fseeko
 .text          0x80008900      0x148 /opt/libdragon/lib/gcc/mips64-elf/13.1.0/../../../../mips64-elf/lib/libc.a(libc_a-ftello.o)
                0x80008900                _ftello_r
                0x80008a38                ftello
 .text          0x80008a48      0x1b8 /opt/libdragon/lib/gcc/mips64-elf/13.1.0/../../../../mips64-elf/lib/libc.a(libc_a-fputwc.o)
                0x80008a48                __fputwc
                0x80008b60                _fputwc_r
                0x80008b88                fputwc
 .text          0x80008c00       0xf8 /opt/libdragon/lib/gcc/mips64-elf/13.1.0/../../../../mips64-elf/lib/libc.a(libc_a-memchr.o)
                0x80008c00                memchr
 .text          0x80008cf8       0x88 /opt/libdragon/lib/gcc/mips64-elf/13.1.0/../../../../mips64-elf/lib/libc.a(libc_a-memcmp.o)
                0x80008cf8                memcmp
 .text          0x80008d80      0x140 /opt/libdragon/lib/gcc/mips64-elf/13.1.0/../../../../mips64-elf/lib/libc.a(libc_a-memmove.o)
                0x80008d80                memmove
 .text          0x80008ec0       0x98 /opt/libdragon/lib/gcc/mips64-elf/13.1.0/../../../../mips64-elf/lib/libc.a(libc_a-strcat.o)
                0x80008ec0                strcat
 .text          0x80008f58       0xa8 /opt/libdragon/lib/gcc/mips64-elf/13.1.0/../../../../mips64-elf/lib/libc.a(libc_a-strcpy.o)
                0x80008f58                strcpy
 .text          0x80009000      0x460 /opt/libdragon/lib/gcc/mips64-elf/13.1.0/../../../../mips64-elf/lib/libc.a(libc_a-strerror.o)
                0x80009000                _strerror_r
                0x80009430                strerror
                0x80009448                strerror_l
 .text          0x80009460       0x50 /opt/libdragon/lib/gcc/mips64-elf/13.1.0/../../../../mips64-elf/lib/libc.a(libc_a-strlcpy.o)
                0x80009460                strlcpy
 .text          0x800094b0       0xf0 /opt/libdragon/lib/gcc/mips64-elf/13.1.0/../../../../mips64-elf/lib/libc.a(libc_a-strncmp.o)
                0x800094b0                strncmp
 .text          0x800095a0       0x70 /opt/libdragon/lib/gcc/mips64-elf/13.1.0/../../../../mips64-elf/lib/libc.a(libc_a-strrchr.o)
                0x800095a0                strrchr
 .text          0x80009610      0xb50 /opt/libdragon/lib/gcc/mips64-elf/13.1.0/../../../../mips64-elf/lib/libc.a(libc_a-strstr.o)
                0x80009e70                strstr
 .text          0x8000a160        0x8 /opt/libdragon/lib/gcc/mips64-elf/13.1.0/../../../../mips64-elf/lib/libc.a(libc_a-u_strerr.o)
                0x8000a160                _user_strerror
 .text          0x8000a168      0x570 /opt/libdragon/lib/gcc/mips64-elf/13.1.0/../../../../mips64-elf/lib/libc.a(libc_a-signal.o)
                0x8000a168                _init_signal_r
                0x8000a1d0                _signal_r
                0x8000a270                _raise_r
                0x8000a328                __sigtramp_r
                0x8000a418                raise
                0x8000a4e0                signal
                0x8000a580                _init_signal
                0x8000a5f0                __sigtramp
 .text          0x8000a6d8       0x10 /opt/libdragon/lib/gcc/mips64-elf/13.1.0/../../../../mips64-elf/lib/libc.a(libc_a-lcltime.o)
                0x8000a6d8                localtime
 .text          0x8000a6e8      0x4b0 /opt/libdragon/lib/gcc/mips64-elf/13.1.0/../../../../mips64-elf/lib/libc.a(libc_a-lcltime_r.o)
                0x8000a6e8                localtime_r
 .text          0x8000ab98       0x50 /opt/libdragon/lib/gcc/mips64-elf/13.1.0/../../../../mips64-elf/lib/libc.a(libc_a-time.o)
                0x8000ab98                time
 .text          0x8000abe8      0x330 /opt/libdragon/lib/gcc/mips64-elf/13.1.0/../../../../mips64-elf/lib/libc.a(libc_a-tzcalc_limits.o)
                0x8000abe8                __tzcalc_limits
 .text          0x8000af18       0x10 /opt/libdragon/lib/gcc/mips64-elf/13.1.0/../../../../mips64-elf/lib/libc.a(libc_a-tzlock.o)
                0x8000af18                __tz_lock
                0x8000af20                __tz_unlock
 .text          0x8000af28       0x30 /opt/libdragon/lib/gcc/mips64-elf/13.1.0/../../../../mips64-elf/lib/libc.a(libc_a-tzset.o)
                0x8000af28                _tzset_unlocked
                0x8000af30                tzset
 .text          0x8000af58      0x6d8 /opt/libdragon/lib/gcc/mips64-elf/13.1.0/../../../../mips64-elf/lib/libc.a(libc_a-tzset_r.o)
                0x8000af58                _tzset_unlocked_r
                0x8000b600                _tzset_r
 .text          0x8000b630      0x120 /opt/libdragon/lib/gcc/mips64-elf/13.1.0/../../../../mips64-elf/lib/libc.a(libc_a-locale.o)
                0x8000b630                _setlocale_r
                0x8000b6b8                __locale_mb_cur_max
                0x8000b6c8                setlocale
 .text          0x8000b750       0x28 /opt/libdragon/lib/gcc/mips64-elf/13.1.0/../../../../mips64-elf/lib/libc.a(libc_a-localeconv.o)
                0x8000b750                __localeconv_l
                0x8000b758                _localeconv_r
                0x8000b768                localeconv
 .text          0x8000b778       0x50 /opt/libdragon/lib/gcc/mips64-elf/13.1.0/../../../../mips64-elf/lib/libc.a(libc_a-closer.o)
                0x8000b778                _close_r
 .text          0x8000b7c8       0x58 /opt/libdragon/lib/gcc/mips64-elf/13.1.0/../../../../mips64-elf/lib/libc.a(libc_a-fstatr.o)
                0x8000b7c8                _fstat_r
 .text          0x8000b820       0x58 /opt/libdragon/lib/gcc/mips64-elf/13.1.0/../../../../mips64-elf/lib/libc.a(libc_a-gettimeofdayr.o)
                0x8000b820                _gettimeofday_r
 .text          0x8000b878       0x60 /opt/libdragon/lib/gcc/mips64-elf/13.1.0/../../../../mips64-elf/lib/libc.a(libc_a-lseekr.o)
                0x8000b878                _lseek_r
 .text          0x8000b8d8       0x60 /opt/libdragon/lib/gcc/mips64-elf/13.1.0/../../../../mips64-elf/lib/libc.a(libc_a-openr.o)
                0x8000b8d8                _open_r
 .text          0x8000b938       0x60 /opt/libdragon/lib/gcc/mips64-elf/13.1.0/../../../../mips64-elf/lib/libc.a(libc_a-readr.o)
                0x8000b938                _read_r
 .text          0x8000b998       0x60 /opt/libdragon/lib/gcc/mips64-elf/13.1.0/../../../../mips64-elf/lib/libc.a(libc_a-signalr.o)
                0x8000b998                _kill_r
                0x8000b9f0                _getpid_r
 .text          0x8000b9f8       0x50 /opt/libdragon/lib/gcc/mips64-elf/13.1.0/../../../../mips64-elf/lib/libc.a(libc_a-sbrkr.o)
                0x8000b9f8                _sbrk_r
 .text          0x8000ba48       0x60 /opt/libdragon/lib/gcc/mips64-elf/13.1.0/../../../../mips64-elf/lib/libc.a(libc_a-writer.o)
                0x8000ba48                _write_r
 .text          0x8000baa8        0x8 /opt/libdragon/lib/gcc/mips64-elf/13.1.0/../../../../mips64-elf/lib/libc.a(libc_a-errno.o)
                0x8000baa8                __errno
 .text          0x8000bab0       0x18 /opt/libdragon/lib/gcc/mips64-elf/13.1.0/../../../../mips64-elf/lib/libc.a(libc_a-strlen.o)
                0x8000bab0                strlen
 .text          0x8000bac8      0x240 /opt/libdragon/lib/gcc/mips64-elf/13.1.0/../../../../mips64-elf/lib/libc.a(libc_a-strcmp.o)
                0x8000bac8                strcmp
 .text          0x8000bd08      0x11c /opt/libdragon/lib/gcc/mips64-elf/13.1.0/../../../../mips64-elf/lib/libc.a(libc_a-memset.o)
                0x8000bd08                memset
 .text          0x8000be24      0x370 /opt/libdragon/lib/gcc/mips64-elf/13.1.0/../../../../mips64-elf/lib/libc.a(libc_a-memcpy.o)
                0x8000be24                memcpy
 *fill*         0x8000c194        0x4 
 .text          0x8000c198     0x1658 /opt/libdragon/lib/gcc/mips64-elf/13.1.0/../../../../mips64-elf/lib/libc.a(libc_a-dtoa.o)
                0x8000c3e8                _dtoa_r
 .text          0x8000d7f0      0x480 /opt/libdragon/lib/gcc/mips64-elf/13.1.0/../../../../mips64-elf/lib/libc.a(libc_a-freer.o)
                0x8000d7f0                _malloc_trim_r
                0x8000d930                _free_r
 .text          0x8000dc70      0x150 /opt/libdragon/lib/gcc/mips64-elf/13.1.0/../../../../mips64-elf/lib/libc.a(libc_a-getenv_r.o)
                0x8000dc70                _findenv_r
                0x8000dda0                _getenv_r
 .text          0x8000ddc0       0x70 /opt/libdragon/lib/gcc/mips64-elf/13.1.0/../../../../mips64-elf/lib/libc.a(libc_a-mbtowc_r.o)
                0x8000ddc0                _mbtowc_r
                0x8000ddd0                __ascii_mbtowc
 .text          0x8000de30     0x1438 /opt/libdragon/lib/gcc/mips64-elf/13.1.0/../../../../mips64-elf/lib/libc.a(libc_a-mprec.o)
                0x8000de30                _Balloc
                0x8000dee0                _Bfree
                0x8000df10                __multadd
                0x8000e070                __s2b
                0x8000e1f0                __hi0bits
                0x8000e278                __lo0bits
                0x8000e340                __i2b
                0x8000e418                __multiply
                0x8000e6a8                __pow5mult
                0x8000e810                __lshift
                0x8000e9c8                __mcmp
                0x8000ea30                __mdiff
                0x8000ecb8                __ulp
                0x8000ed68                __b2d
                0x8000ef00                __d2b
                0x8000f060                __ratio
                0x8000f120                _mprec_log10
                0x8000f160                __copybits
                0x8000f1e8                __any_on
 .text          0x8000f268      0x5d0 /opt/libdragon/lib/gcc/mips64-elf/13.1.0/../../../../mips64-elf/lib/libc.a(libc_a-reallocr.o)
                0x8000f268                _realloc_r
 .text          0x8000f838      0x250 /opt/libdragon/lib/gcc/mips64-elf/13.1.0/../../../../mips64-elf/lib/libc.a(libc_a-strtoul.o)
                0x8000fa50                _strtoul_r
                0x8000fa58                strtoul_l
                0x8000fa70                strtoul
 .text          0x8000fa88       0x48 /opt/libdragon/lib/gcc/mips64-elf/13.1.0/../../../../mips64-elf/lib/libc.a(libc_a-wctomb_r.o)
                0x8000fa88                _wctomb_r
                0x8000fa98                __ascii_wctomb
 .text          0x8000fad0      0x118 /opt/libdragon/lib/gcc/mips64-elf/13.1.0/../../../../mips64-elf/lib/libc.a(libc_a-wcrtomb.o)
                0x8000fad0                _wcrtomb_r
                0x8000fb50                wcrtomb
 .text          0x8000fbe8      0x100 /opt/libdragon/lib/gcc/mips64-elf/13.1.0/../../../../mips64-elf/lib/libc.a(libc_a-siscanf.o)
                0x8000fbe8                siscanf
                0x8000fc60                _siscanf_r
 .text          0x8000fce8     0x17c0 /opt/libdragon/lib/gcc/mips64-elf/13.1.0/../../../../mips64-elf/lib/libc.a(libc_a-svfiscanf.o)
                0x8000fce8                _sungetc_r
                0x8000fe08                __ssrefill_r
                0x8000fe80                _sfread_r
                0x80010018                __ssvfiscanf_r
 .text          0x800114a8     0x1fb0 /opt/libdragon/lib/gcc/mips64-elf/13.1.0/../../../../mips64-elf/lib/libc.a(libc_a-svfprintf.o)
                0x800114a8                _svfprintf_r
 .text          0x80013458       0xc8 /opt/libdragon/lib/gcc/mips64-elf/13.1.0/../../../../mips64-elf/lib/libc.a(libc_a-flags.o)
                0x80013458                __sflags
 .text          0x80013520      0x258 /opt/libdragon/lib/gcc/mips64-elf/13.1.0/../../../../mips64-elf/lib/libc.a(libc_a-makebuf.o)
                0x80013520                __smakebuf_r
                0x800136c8                __swhatbuf_r
 .text          0x80013778       0xf8 /opt/libdragon/lib/gcc/mips64-elf/13.1.0/../../../../mips64-elf/lib/libc.a(libc_a-sccl.o)
                0x80013778                __sccl
 .text          0x80013870      0x2b8 /opt/libdragon/lib/gcc/mips64-elf/13.1.0/../../../../mips64-elf/lib/libc.a(libc_a-ungetc.o)
                0x80013870                __submore
                0x80013940                _ungetc_r
                0x80013b10                ungetc
 .text          0x80013b28      0x188 /opt/libdragon/lib/gcc/mips64-elf/13.1.0/../../../../mips64-elf/lib/libc.a(libc_a-strchr.o)
                0x80013b28                strchr
 .text          0x80013cb0       0x48 /opt/libdragon/lib/gcc/mips64-elf/13.1.0/../../../../mips64-elf/lib/libc.a(libc_a-strnlen.o)
                0x80013cb0                strnlen
 .text          0x80013cf8       0x10 /opt/libdragon/lib/gcc/mips64-elf/13.1.0/../../../../mips64-elf/lib/libc.a(libc_a-gettzinfo.o)
                0x80013cf8                __gettzinfo
 .text          0x80013d08      0x438 /opt/libdragon/lib/gcc/mips64-elf/13.1.0/../../../../mips64-elf/lib/libc.a(libc_a-gmtime_r.o)
                0x80013d08                gmtime_r
 .text          0x80014140       0x50 /opt/libdragon/lib/gcc/mips64-elf/13.1.0/../../../../mips64-elf/lib/libc.a(libc_a-isattyr.o)
                0x80014140                _isatty_r
 .text          0x80014190      0x120 /opt/libdragon/lib/gcc/mips64-elf/13.1.0/../../../../mips64-elf/lib/libc.a(libc_a-callocr.o)
                0x80014190                _calloc_r
 .text          0x800142b0       0x10 /opt/libdragon/lib/gcc/mips64-elf/13.1.0/../../../../mips64-elf/lib/libc.a(libc_a-envlock.o)
                0x800142b0                __env_lock
                0x800142b8                __env_unlock
 .text          0x800142c0      0x278 /opt/libdragon/lib/gcc/mips64-elf/13.1.0/../../../../mips64-elf/lib/libc.a(libc_a-strtol.o)
                0x80014500                _strtol_r
                0x80014508                strtol_l
                0x80014520                strtol
 .text          0x80014538      0x258 /opt/libdragon/lib/gcc/mips64-elf/13.1.0/../../../../mips64-elf/lib/libc.a(libc_a-strtoll.o)
                0x80014758                _strtoll_r
                0x80014760                strtoll_l
                0x80014778                strtoll
 .text          0x80014790      0x270 /opt/libdragon/lib/gcc/mips64-elf/13.1.0/../../../../mips64-elf/lib/libc.a(libc_a-strtoull.o)
                0x800149c8                _strtoull_r
                0x800149d0                strtoull_l
                0x800149e8                strtoull
 .text          0x80014a00      0x128 /opt/libdragon/lib/gcc/mips64-elf/13.1.0/../../../../mips64-elf/lib/libc.a(libc_a-mbrtowc.o)
                0x80014a00                _mbrtowc_r
                0x80014a90                mbrtowc
 .text          0x80014b28        0x8 /opt/libdragon/lib/gcc/mips64-elf/13.1.0/../../../../mips64-elf/lib/libc.a(libc_a-iswspace.o)
                0x80014b28                iswspace
 .text          0x80014b30       0x28 /opt/libdragon/lib/gcc/mips64-elf/13.1.0/../../../../mips64-elf/lib/libc.a(libc_a-iswspace_l.o)
                0x80014b30                iswspace_l
 .text          0x80014b58     0x1118 /opt/libdragon/lib/gcc/mips64-elf/13.1.0/../../../../mips64-elf/lib/libc.a(libc_a-svfiprintf.o)
                0x80014b58                __ssprint_r
                0x80014da0                _svfiprintf_r
 *(.text.*)
 *fill*         0x80015c70       0x10 
 .text.CameraLoad
                0x80015c80       0x40 build/src/camera.o
                0x80015c80                CameraLoad
 .text.CameraFlipDraw
                0x80015cc0       0x80 build/src/camera.o
                0x80015cc0                CameraFlipDraw
 .text.CameraFlipUpdate
                0x80015d40       0xe0 build/src/camera.o
                0x80015d40                CameraFlipUpdate
 .text.FanDraw  0x80015e20       0x80 build/src/fan.o
                0x80015e20                FanDraw
 .text.FanUpdate
                0x80015ea0       0x60 build/src/fan.o
                0x80015ea0                FanUpdate
 .text.LightsDraw
                0x80015f00       0xe0 build/src/lights.o
                0x80015f00                LightsDraw
 .text.LightsUpdate
                0x80015fe0       0xc0 build/src/lights.o
                0x80015fe0                LightsUpdate
 .text.startup.main
                0x800160a0      0x200 build/src/main.o
                0x800160a0                main
 .text.MainGameDraw
                0x800162a0       0x20 build/src/main_game.o
                0x800162a0                MainGameDraw
 .text.MainGameUpdate
                0x800162c0       0x20 build/src/main_game.o
                0x800162c0                MainGameUpdate
 .text.MaskLoad
                0x800162e0       0x60 build/src/mask.o
                0x800162e0                MaskLoad
 .text.MaskDraw
                0x80016340       0xe0 build/src/mask.o
                0x80016340                MaskDraw
 .text.MaskUpdate
                0x80016420      0x100 build/src/mask.o
                0x80016420                MaskUpdate
 .text.ObjectLoad.part.0
                0x80016520       0xa0 build/src/object.o
 .text.ObjectLoad
                0x800165c0       0x20 build/src/object.o
                0x800165c0                ObjectLoad
 .text.ObjectsLoad
                0x800165e0       0x80 build/src/object.o
                0x800165e0                ObjectsLoad
 .text.ObjectDraw
                0x80016660       0xa0 build/src/object.o
                0x80016660                ObjectDraw
 .text.ObjectDrawFrame
                0x80016700      0x120 build/src/object.o
                0x80016700                ObjectDrawFrame
 .text.ObjectsDebugLoaded
                0x80016820       0x40 build/src/object.o
                0x80016820                ObjectsDebugLoaded
 .text.OfficeDraw
                0x80016860       0xc0 build/src/office.o
                0x80016860                OfficeDraw
 .text.OfficeUpdate
                0x80016920      0x140 build/src/office.o
                0x80016920                OfficeUpdate
 .text.PerspectiveInit
                0x80016a60      0x140 build/src/perspective.o
                0x80016a60                PerspectiveInit
 .text.PerspectiveBegin
                0x80016ba0       0x20 build/src/perspective.o
                0x80016ba0                PerspectiveBegin
 .text.PerspectiveEnd
                0x80016bc0       0x40 build/src/perspective.o
                0x80016bc0                PerspectiveEnd
 .text.VCon     0x80016c00       0x20 build/src/util.o
                0x80016c00                VCon
 .text.Clampf   0x80016c20       0x40 build/src/util.o
                0x80016c20                Clampf
 .text.Wrapf    0x80016c60       0x60 build/src/util.o
                0x80016c60                Wrapf
 .text.SpeedFPS
                0x80016cc0       0x20 build/src/util.o
                0x80016cc0                SpeedFPS
 .text.sys_bbplayer
                0x80016ce0       0x20 /opt/libdragon/lib/gcc/mips64-elf/13.1.0/../../../../mips64-elf/lib/libdragon.a(n64sys.o)
                0x80016ce0                sys_bbplayer
 .text.data_cache_hit_writeback
                0x80016d00       0x60 /opt/libdragon/lib/gcc/mips64-elf/13.1.0/../../../../mips64-elf/lib/libdragon.a(n64sys.o)
                0x80016d00                data_cache_hit_writeback
 .text.__data_cache_hit_invalidate
                0x80016d60       0x60 /opt/libdragon/lib/gcc/mips64-elf/13.1.0/../../../../mips64-elf/lib/libdragon.a(n64sys.o)
                0x80016d60                __data_cache_hit_invalidate
 .text.data_cache_hit_writeback_invalidate
                0x80016dc0       0x60 /opt/libdragon/lib/gcc/mips64-elf/13.1.0/../../../../mips64-elf/lib/libdragon.a(n64sys.o)
                0x80016dc0                data_cache_hit_writeback_invalidate
 .text.inst_cache_hit_invalidate
                0x80016e20       0x60 /opt/libdragon/lib/gcc/mips64-elf/13.1.0/../../../../mips64-elf/lib/libdragon.a(n64sys.o)
                0x80016e20                inst_cache_hit_invalidate
 .text.malloc_uncached_aligned
                0x80016e80       0xc0 /opt/libdragon/lib/gcc/mips64-elf/13.1.0/../../../../mips64-elf/lib/libdragon.a(n64sys.o)
                0x80016e80                malloc_uncached_aligned
 .text.malloc_uncached
                0x80016f40       0x20 /opt/libdragon/lib/gcc/mips64-elf/13.1.0/../../../../mips64-elf/lib/libdragon.a(n64sys.o)
                0x80016f40                malloc_uncached
 .text.free_uncached
                0x80016f60       0x20 /opt/libdragon/lib/gcc/mips64-elf/13.1.0/../../../../mips64-elf/lib/libdragon.a(n64sys.o)
                0x80016f60                free_uncached
 .text.get_memory_size
                0x80016f80       0x60 /opt/libdragon/lib/gcc/mips64-elf/13.1.0/../../../../mips64-elf/lib/libdragon.a(n64sys.o)
                0x80016f80                get_memory_size
 .text.get_tv_type
                0x80016fe0       0x20 /opt/libdragon/lib/gcc/mips64-elf/13.1.0/../../../../mips64-elf/lib/libdragon.a(n64sys.o)
                0x80016fe0                get_tv_type
 .text.wait_ms  0x80017000       0x40 /opt/libdragon/lib/gcc/mips64-elf/13.1.0/../../../../mips64-elf/lib/libdragon.a(n64sys.o)
                0x80017000                wait_ms
 .text.startup.__init_cop1
                0x80017040       0x40 /opt/libdragon/lib/gcc/mips64-elf/13.1.0/../../../../mips64-elf/lib/libdragon.a(n64sys.o)
                0x80017040                __init_cop1
 .text.isviewer_write
                0x80017080       0x80 /opt/libdragon/lib/gcc/mips64-elf/13.1.0/../../../../mips64-elf/lib/libdragon.a(debug.o)
 .text.fat_disk_status_default
                0x80017100       0x20 /opt/libdragon/lib/gcc/mips64-elf/13.1.0/../../../../mips64-elf/lib/libdragon.a(debug.o)
 .text.fat_disk_ioctl_default
                0x80017120       0x20 /opt/libdragon/lib/gcc/mips64-elf/13.1.0/../../../../mips64-elf/lib/libdragon.a(debug.o)
 .text.__stderr_write
                0x80017140       0x80 /opt/libdragon/lib/gcc/mips64-elf/13.1.0/../../../../mips64-elf/lib/libdragon.a(debug.o)
 .text.usblog_write
                0x800171c0       0x20 /opt/libdragon/lib/gcc/mips64-elf/13.1.0/../../../../mips64-elf/lib/libdragon.a(debug.o)
 .text.__fat_findnext
                0x800171e0       0x80 /opt/libdragon/lib/gcc/mips64-elf/13.1.0/../../../../mips64-elf/lib/libdragon.a(debug.o)
 .text.__fat_findfirst
                0x80017260       0x60 /opt/libdragon/lib/gcc/mips64-elf/13.1.0/../../../../mips64-elf/lib/libdragon.a(debug.o)
 .text.__fat_unlink
                0x800172c0       0x60 /opt/libdragon/lib/gcc/mips64-elf/13.1.0/../../../../mips64-elf/lib/libdragon.a(debug.o)
 .text.__fat_close
                0x80017320       0x40 /opt/libdragon/lib/gcc/mips64-elf/13.1.0/../../../../mips64-elf/lib/libdragon.a(debug.o)
 .text.__fat_write
                0x80017360       0x60 /opt/libdragon/lib/gcc/mips64-elf/13.1.0/../../../../mips64-elf/lib/libdragon.a(debug.o)
 .text.__fat_read
                0x800173c0       0x60 /opt/libdragon/lib/gcc/mips64-elf/13.1.0/../../../../mips64-elf/lib/libdragon.a(debug.o)
 .text.__fat_lseek
                0x80017420       0x80 /opt/libdragon/lib/gcc/mips64-elf/13.1.0/../../../../mips64-elf/lib/libdragon.a(debug.o)
 .text.__fat_fstat
                0x800174a0       0x80 /opt/libdragon/lib/gcc/mips64-elf/13.1.0/../../../../mips64-elf/lib/libdragon.a(debug.o)
 .text.__fat_open
                0x80017520      0x120 /opt/libdragon/lib/gcc/mips64-elf/13.1.0/../../../../mips64-elf/lib/libdragon.a(debug.o)
 .text.fat_disk_write_sd
                0x80017640       0x20 /opt/libdragon/lib/gcc/mips64-elf/13.1.0/../../../../mips64-elf/lib/libdragon.a(debug.o)
 .text.fat_disk_read_sdram_sd
                0x80017660       0x40 /opt/libdragon/lib/gcc/mips64-elf/13.1.0/../../../../mips64-elf/lib/libdragon.a(debug.o)
 .text.fat_disk_read_sd
                0x800176a0       0x20 /opt/libdragon/lib/gcc/mips64-elf/13.1.0/../../../../mips64-elf/lib/libdragon.a(debug.o)
 .text.fat_disk_initialize_sd
                0x800176c0       0x20 /opt/libdragon/lib/gcc/mips64-elf/13.1.0/../../../../mips64-elf/lib/libdragon.a(debug.o)
 .text.cb.0     0x800176e0       0xa0 /opt/libdragon/lib/gcc/mips64-elf/13.1.0/../../../../mips64-elf/lib/libdragon.a(debug.o)
 .text.sdlog_write
                0x80017780       0x40 /opt/libdragon/lib/gcc/mips64-elf/13.1.0/../../../../mips64-elf/lib/libdragon.a(debug.o)
 .text.disk_initialize
                0x800177c0       0x40 /opt/libdragon/lib/gcc/mips64-elf/13.1.0/../../../../mips64-elf/lib/libdragon.a(debug.o)
                0x800177c0                disk_initialize
 .text.disk_status
                0x80017800       0x40 /opt/libdragon/lib/gcc/mips64-elf/13.1.0/../../../../mips64-elf/lib/libdragon.a(debug.o)
                0x80017800                disk_status
 .text.disk_read
                0x80017840       0xe0 /opt/libdragon/lib/gcc/mips64-elf/13.1.0/../../../../mips64-elf/lib/libdragon.a(debug.o)
                0x80017840                disk_read
 .text.disk_write
                0x80017920       0x40 /opt/libdragon/lib/gcc/mips64-elf/13.1.0/../../../../mips64-elf/lib/libdragon.a(debug.o)
                0x80017920                disk_write
 .text.disk_ioctl
                0x80017960       0x40 /opt/libdragon/lib/gcc/mips64-elf/13.1.0/../../../../mips64-elf/lib/libdragon.a(debug.o)
                0x80017960                disk_ioctl
 .text.get_fattime
                0x800179a0       0xa0 /opt/libdragon/lib/gcc/mips64-elf/13.1.0/../../../../mips64-elf/lib/libdragon.a(debug.o)
                0x800179a0                get_fattime
 .text.debug_init_usblog
                0x80017a40       0xe0 /opt/libdragon/lib/gcc/mips64-elf/13.1.0/../../../../mips64-elf/lib/libdragon.a(debug.o)
                0x80017a40                debug_init_usblog
 .text.debug_init_isviewer
                0x80017b20       0xc0 /opt/libdragon/lib/gcc/mips64-elf/13.1.0/../../../../mips64-elf/lib/libdragon.a(debug.o)
                0x80017b20                debug_init_isviewer
 .text.debug_init_sdlog
                0x80017be0       0xa0 /opt/libdragon/lib/gcc/mips64-elf/13.1.0/../../../../mips64-elf/lib/libdragon.a(debug.o)
                0x80017be0                debug_init_sdlog
 .text.debug_init_sdfs
                0x80017c80      0x160 /opt/libdragon/lib/gcc/mips64-elf/13.1.0/../../../../mips64-elf/lib/libdragon.a(debug.o)
                0x80017c80                debug_init_sdfs
 .text.debug_assert_func_f
                0x80017de0       0xe0 /opt/libdragon/lib/gcc/mips64-elf/13.1.0/../../../../mips64-elf/lib/libdragon.a(debug.o)
                0x80017de0                debug_assert_func_f
 .text.debug_assert_func
                0x80017ec0       0x20 /opt/libdragon/lib/gcc/mips64-elf/13.1.0/../../../../mips64-elf/lib/libdragon.a(debug.o)
                0x80017ec0                debug_assert_func
 .text.debug_hexdump
                0x80017ee0      0x280 /opt/libdragon/lib/gcc/mips64-elf/13.1.0/../../../../mips64-elf/lib/libdragon.a(debug.o)
                0x80017ee0                debug_hexdump
 .text.__debug_backtrace
                0x80018160      0x100 /opt/libdragon/lib/gcc/mips64-elf/13.1.0/../../../../mips64-elf/lib/libdragon.a(debug.o)
                0x80018160                __debug_backtrace
 .text.debug_backtrace
                0x80018260       0x20 /opt/libdragon/lib/gcc/mips64-elf/13.1.0/../../../../mips64-elf/lib/libdragon.a(debug.o)
                0x80018260                debug_backtrace
 .text.usb_64drive_read
                0x80018280       0x60 /opt/libdragon/lib/gcc/mips64-elf/13.1.0/../../../../mips64-elf/lib/libdragon.a(usb.o)
 .text.usb_64drive_poll
                0x800182e0      0x1a0 /opt/libdragon/lib/gcc/mips64-elf/13.1.0/../../../../mips64-elf/lib/libdragon.a(usb.o)
 .text.usb_everdrive_usbbusy
                0x80018480       0xe0 /opt/libdragon/lib/gcc/mips64-elf/13.1.0/../../../../mips64-elf/lib/libdragon.a(usb.o)
 .text.usb_everdrive_readusb
                0x80018560       0xc0 /opt/libdragon/lib/gcc/mips64-elf/13.1.0/../../../../mips64-elf/lib/libdragon.a(usb.o)
 .text.usb_everdrive_poll
                0x80018620      0x200 /opt/libdragon/lib/gcc/mips64-elf/13.1.0/../../../../mips64-elf/lib/libdragon.a(usb.o)
 .text.usb_everdrive_write
                0x80018820      0x200 /opt/libdragon/lib/gcc/mips64-elf/13.1.0/../../../../mips64-elf/lib/libdragon.a(usb.o)
 .text.usb_sc64_read
                0x80018a20       0x60 /opt/libdragon/lib/gcc/mips64-elf/13.1.0/../../../../mips64-elf/lib/libdragon.a(usb.o)
 .text.usb_everdrive_read
                0x80018a80       0x60 /opt/libdragon/lib/gcc/mips64-elf/13.1.0/../../../../mips64-elf/lib/libdragon.a(usb.o)
 .text.usb_sc64_poll
                0x80018ae0      0x160 /opt/libdragon/lib/gcc/mips64-elf/13.1.0/../../../../mips64-elf/lib/libdragon.a(usb.o)
 .text.usb_write
                0x80018c40       0x40 /opt/libdragon/lib/gcc/mips64-elf/13.1.0/../../../../mips64-elf/lib/libdragon.a(usb.o)
                0x80018c40                usb_write
 .text.usb_sendheartbeat
                0x80018c80       0x60 /opt/libdragon/lib/gcc/mips64-elf/13.1.0/../../../../mips64-elf/lib/libdragon.a(usb.o)
                0x80018c80                usb_sendheartbeat
 .text.usb_initialize
                0x80018ce0      0x1c0 /opt/libdragon/lib/gcc/mips64-elf/13.1.0/../../../../mips64-elf/lib/libdragon.a(usb.o)
                0x80018ce0                usb_initialize
 .text.usb_64drive_wait
                0x80018ea0       0xc0 /opt/libdragon/lib/gcc/mips64-elf/13.1.0/../../../../mips64-elf/lib/libdragon.a(usb.o)
                0x80018ea0                usb_64drive_wait
 .text.usb_64drive_write
                0x80018f60      0x240 /opt/libdragon/lib/gcc/mips64-elf/13.1.0/../../../../mips64-elf/lib/libdragon.a(usb.o)
 .text.usb_sc64_execute_cmd
                0x800191a0       0xc0 /opt/libdragon/lib/gcc/mips64-elf/13.1.0/../../../../mips64-elf/lib/libdragon.a(usb.o)
                0x800191a0                usb_sc64_execute_cmd
 .text.usb_sc64_write
                0x80019260      0x2a0 /opt/libdragon/lib/gcc/mips64-elf/13.1.0/../../../../mips64-elf/lib/libdragon.a(usb.o)
 .text.__cart_acs_get
                0x80019500       0xe0 /opt/libdragon/lib/gcc/mips64-elf/13.1.0/../../../../mips64-elf/lib/libdragon.a(cart.o)
 .text.__cart_acs_rel
                0x800195e0       0x80 /opt/libdragon/lib/gcc/mips64-elf/13.1.0/../../../../mips64-elf/lib/libdragon.a(cart.o)
 .text.ci_card_init
                0x80019660       0x20 /opt/libdragon/lib/gcc/mips64-elf/13.1.0/../../../../mips64-elf/lib/libdragon.a(cart.o)
                0x80019660                ci_card_init
 .text.edx_init
                0x80019680       0xa0 /opt/libdragon/lib/gcc/mips64-elf/13.1.0/../../../../mips64-elf/lib/libdragon.a(cart.o)
                0x80019680                edx_init
 .text.__edx_sd_mode
                0x80019720       0xc0 /opt/libdragon/lib/gcc/mips64-elf/13.1.0/../../../../mips64-elf/lib/libdragon.a(cart.o)
 .text.ed_init  0x800197e0       0xe0 /opt/libdragon/lib/gcc/mips64-elf/13.1.0/../../../../mips64-elf/lib/libdragon.a(cart.o)
                0x800197e0                ed_init
 .text.__edx_sd_cmd
                0x800198c0      0x280 /opt/libdragon/lib/gcc/mips64-elf/13.1.0/../../../../mips64-elf/lib/libdragon.a(cart.o)
 .text.edx_card_init
                0x80019b40      0x240 /opt/libdragon/lib/gcc/mips64-elf/13.1.0/../../../../mips64-elf/lib/libdragon.a(cart.o)
                0x80019b40                edx_card_init
 .text.__sd_crc16.constprop.0
                0x80019d80      0x420 /opt/libdragon/lib/gcc/mips64-elf/13.1.0/../../../../mips64-elf/lib/libdragon.a(cart.o)
 .text.__edx_sd_close
                0x8001a1a0       0xe0 /opt/libdragon/lib/gcc/mips64-elf/13.1.0/../../../../mips64-elf/lib/libdragon.a(cart.o)
 .text.edx_card_rd_cart
                0x8001a280      0x100 /opt/libdragon/lib/gcc/mips64-elf/13.1.0/../../../../mips64-elf/lib/libdragon.a(cart.o)
                0x8001a280                edx_card_rd_cart
 .text.edx_card_rd_dram
                0x8001a380      0x200 /opt/libdragon/lib/gcc/mips64-elf/13.1.0/../../../../mips64-elf/lib/libdragon.a(cart.o)
                0x8001a380                edx_card_rd_dram
 .text.edx_card_wr_dram
                0x8001a580      0x2a0 /opt/libdragon/lib/gcc/mips64-elf/13.1.0/../../../../mips64-elf/lib/libdragon.a(cart.o)
                0x8001a580                edx_card_wr_dram
 .text.ci_init  0x8001a820      0x100 /opt/libdragon/lib/gcc/mips64-elf/13.1.0/../../../../mips64-elf/lib/libdragon.a(cart.o)
                0x8001a820                ci_init
 .text.sc_card_init
                0x8001a920       0xa0 /opt/libdragon/lib/gcc/mips64-elf/13.1.0/../../../../mips64-elf/lib/libdragon.a(cart.o)
                0x8001a920                sc_card_init
 .text.sc_card_rd_cart
                0x8001a9c0      0x120 /opt/libdragon/lib/gcc/mips64-elf/13.1.0/../../../../mips64-elf/lib/libdragon.a(cart.o)
                0x8001a9c0                sc_card_rd_cart
 .text.ci_card_wr_dram
                0x8001aae0      0x260 /opt/libdragon/lib/gcc/mips64-elf/13.1.0/../../../../mips64-elf/lib/libdragon.a(cart.o)
                0x8001aae0                ci_card_wr_dram
 .text.ci_card_rd_dram
                0x8001ad40      0x260 /opt/libdragon/lib/gcc/mips64-elf/13.1.0/../../../../mips64-elf/lib/libdragon.a(cart.o)
                0x8001ad40                ci_card_rd_dram
 .text.sc_init  0x8001afa0      0x1a0 /opt/libdragon/lib/gcc/mips64-elf/13.1.0/../../../../mips64-elf/lib/libdragon.a(cart.o)
                0x8001afa0                sc_init
 .text.sc_card_rd_dram
                0x8001b140      0x260 /opt/libdragon/lib/gcc/mips64-elf/13.1.0/../../../../mips64-elf/lib/libdragon.a(cart.o)
                0x8001b140                sc_card_rd_dram
 .text.sc_card_wr_dram
                0x8001b3a0      0x260 /opt/libdragon/lib/gcc/mips64-elf/13.1.0/../../../../mips64-elf/lib/libdragon.a(cart.o)
                0x8001b3a0                sc_card_wr_dram
 .text.__ed_sd_cmd
                0x8001b600      0x2c0 /opt/libdragon/lib/gcc/mips64-elf/13.1.0/../../../../mips64-elf/lib/libdragon.a(cart.o)
 .text.ed_card_init
                0x8001b8c0      0x400 /opt/libdragon/lib/gcc/mips64-elf/13.1.0/../../../../mips64-elf/lib/libdragon.a(cart.o)
                0x8001b8c0                ed_card_init
 .text.__ed_sd_close
                0x8001bcc0      0x120 /opt/libdragon/lib/gcc/mips64-elf/13.1.0/../../../../mips64-elf/lib/libdragon.a(cart.o)
 .text.ed_card_rd_dram
                0x8001bde0      0x200 /opt/libdragon/lib/gcc/mips64-elf/13.1.0/../../../../mips64-elf/lib/libdragon.a(cart.o)
                0x8001bde0                ed_card_rd_dram
 .text.ed_card_rd_cart
                0x8001bfe0      0x2a0 /opt/libdragon/lib/gcc/mips64-elf/13.1.0/../../../../mips64-elf/lib/libdragon.a(cart.o)
                0x8001bfe0                ed_card_rd_cart
 .text.ed_card_wr_dram
                0x8001c280      0x480 /opt/libdragon/lib/gcc/mips64-elf/13.1.0/../../../../mips64-elf/lib/libdragon.a(cart.o)
                0x8001c280                ed_card_wr_dram
 .text.ci_card_rd_cart
                0x8001c700      0x180 /opt/libdragon/lib/gcc/mips64-elf/13.1.0/../../../../mips64-elf/lib/libdragon.a(cart.o)
                0x8001c700                ci_card_rd_cart
 .text.cart_init
                0x8001c880       0xe0 /opt/libdragon/lib/gcc/mips64-elf/13.1.0/../../../../mips64-elf/lib/libdragon.a(cart.o)
                0x8001c880                cart_init
 .text.cart_card_init
                0x8001c960       0x40 /opt/libdragon/lib/gcc/mips64-elf/13.1.0/../../../../mips64-elf/lib/libdragon.a(cart.o)
                0x8001c960                cart_card_init
 .text.cart_card_rd_dram
                0x8001c9a0       0x40 /opt/libdragon/lib/gcc/mips64-elf/13.1.0/../../../../mips64-elf/lib/libdragon.a(cart.o)
                0x8001c9a0                cart_card_rd_dram
 .text.cart_card_rd_cart
                0x8001c9e0       0x40 /opt/libdragon/lib/gcc/mips64-elf/13.1.0/../../../../mips64-elf/lib/libdragon.a(cart.o)
                0x8001c9e0                cart_card_rd_cart
 .text.cart_card_wr_dram
                0x8001ca20       0x40 /opt/libdragon/lib/gcc/mips64-elf/13.1.0/../../../../mips64-elf/lib/libdragon.a(cart.o)
                0x8001ca20                cart_card_wr_dram
 .text.ld_qword
                0x8001ca60       0x80 /opt/libdragon/lib/gcc/mips64-elf/13.1.0/../../../../mips64-elf/lib/libdragon.a(ff.o)
 .text.tchar2uni
                0x8001cae0      0x100 /opt/libdragon/lib/gcc/mips64-elf/13.1.0/../../../../mips64-elf/lib/libdragon.a(ff.o)
 .text.get_ldnumber
                0x8001cbe0       0x80 /opt/libdragon/lib/gcc/mips64-elf/13.1.0/../../../../mips64-elf/lib/libdragon.a(ff.o)
 .text.validate
                0x8001cc60       0xa0 /opt/libdragon/lib/gcc/mips64-elf/13.1.0/../../../../mips64-elf/lib/libdragon.a(ff.o)
 .text.sync_window
                0x8001cd00       0xc0 /opt/libdragon/lib/gcc/mips64-elf/13.1.0/../../../../mips64-elf/lib/libdragon.a(ff.o)
 .text.put_utf  0x8001cdc0      0x180 /opt/libdragon/lib/gcc/mips64-elf/13.1.0/../../../../mips64-elf/lib/libdragon.a(ff.o)
 .text.dir_clear
                0x8001cf40      0x120 /opt/libdragon/lib/gcc/mips64-elf/13.1.0/../../../../mips64-elf/lib/libdragon.a(ff.o)
 .text.sync_fs  0x8001d060      0x140 /opt/libdragon/lib/gcc/mips64-elf/13.1.0/../../../../mips64-elf/lib/libdragon.a(ff.o)
 .text.get_fileinfo
                0x8001d1a0      0x4c0 /opt/libdragon/lib/gcc/mips64-elf/13.1.0/../../../../mips64-elf/lib/libdragon.a(ff.o)
 .text.init_alloc_info.isra.0
                0x8001d660       0xe0 /opt/libdragon/lib/gcc/mips64-elf/13.1.0/../../../../mips64-elf/lib/libdragon.a(ff.o)
 .text.move_window
                0x8001d740       0xe0 /opt/libdragon/lib/gcc/mips64-elf/13.1.0/../../../../mips64-elf/lib/libdragon.a(ff.o)
 .text.change_bitmap
                0x8001d820      0x140 /opt/libdragon/lib/gcc/mips64-elf/13.1.0/../../../../mips64-elf/lib/libdragon.a(ff.o)
 .text.put_fat.part.0
                0x8001d960      0x2c0 /opt/libdragon/lib/gcc/mips64-elf/13.1.0/../../../../mips64-elf/lib/libdragon.a(ff.o)
 .text.fill_last_frag
                0x8001dc20       0xe0 /opt/libdragon/lib/gcc/mips64-elf/13.1.0/../../../../mips64-elf/lib/libdragon.a(ff.o)
 .text.fill_first_frag
                0x8001dd00       0xe0 /opt/libdragon/lib/gcc/mips64-elf/13.1.0/../../../../mips64-elf/lib/libdragon.a(ff.o)
 .text.get_fat  0x8001dde0      0x300 /opt/libdragon/lib/gcc/mips64-elf/13.1.0/../../../../mips64-elf/lib/libdragon.a(ff.o)
 .text.dir_sdi  0x8001e0e0      0x200 /opt/libdragon/lib/gcc/mips64-elf/13.1.0/../../../../mips64-elf/lib/libdragon.a(ff.o)
 .text.remove_chain
                0x8001e2e0      0x300 /opt/libdragon/lib/gcc/mips64-elf/13.1.0/../../../../mips64-elf/lib/libdragon.a(ff.o)
 .text.create_chain
                0x8001e5e0      0x460 /opt/libdragon/lib/gcc/mips64-elf/13.1.0/../../../../mips64-elf/lib/libdragon.a(ff.o)
 .text.dir_next
                0x8001ea40      0x200 /opt/libdragon/lib/gcc/mips64-elf/13.1.0/../../../../mips64-elf/lib/libdragon.a(ff.o)
 .text.load_xdir
                0x8001ec40      0x240 /opt/libdragon/lib/gcc/mips64-elf/13.1.0/../../../../mips64-elf/lib/libdragon.a(ff.o)
 .text.dir_alloc
                0x8001ee80      0x1a0 /opt/libdragon/lib/gcc/mips64-elf/13.1.0/../../../../mips64-elf/lib/libdragon.a(ff.o)
 .text.store_xdir
                0x8001f020      0x1a0 /opt/libdragon/lib/gcc/mips64-elf/13.1.0/../../../../mips64-elf/lib/libdragon.a(ff.o)
 .text.dir_remove
                0x8001f1c0      0x1a0 /opt/libdragon/lib/gcc/mips64-elf/13.1.0/../../../../mips64-elf/lib/libdragon.a(ff.o)
 .text.dir_read.constprop.0
                0x8001f360      0x300 /opt/libdragon/lib/gcc/mips64-elf/13.1.0/../../../../mips64-elf/lib/libdragon.a(ff.o)
 .text.dir_find
                0x8001f660      0x4e0 /opt/libdragon/lib/gcc/mips64-elf/13.1.0/../../../../mips64-elf/lib/libdragon.a(ff.o)
 .text.follow_path
                0x8001fb40      0x6c0 /opt/libdragon/lib/gcc/mips64-elf/13.1.0/../../../../mips64-elf/lib/libdragon.a(ff.o)
 .text.check_fs
                0x80020200      0x280 /opt/libdragon/lib/gcc/mips64-elf/13.1.0/../../../../mips64-elf/lib/libdragon.a(ff.o)
 .text.mount_volume
                0x80020480      0xd40 /opt/libdragon/lib/gcc/mips64-elf/13.1.0/../../../../mips64-elf/lib/libdragon.a(ff.o)
 .text.dir_register
                0x800211c0      0x780 /opt/libdragon/lib/gcc/mips64-elf/13.1.0/../../../../mips64-elf/lib/libdragon.a(ff.o)
 .text.f_mount  0x80021940       0xa0 /opt/libdragon/lib/gcc/mips64-elf/13.1.0/../../../../mips64-elf/lib/libdragon.a(ff.o)
                0x80021940                f_mount
 .text.f_open   0x800219e0      0x540 /opt/libdragon/lib/gcc/mips64-elf/13.1.0/../../../../mips64-elf/lib/libdragon.a(ff.o)
                0x800219e0                f_open
 .text.f_read   0x80021f20      0x380 /opt/libdragon/lib/gcc/mips64-elf/13.1.0/../../../../mips64-elf/lib/libdragon.a(ff.o)
                0x80021f20                f_read
 .text.f_write  0x800222a0      0x3c0 /opt/libdragon/lib/gcc/mips64-elf/13.1.0/../../../../mips64-elf/lib/libdragon.a(ff.o)
                0x800222a0                f_write
 .text.f_sync   0x80022660      0x320 /opt/libdragon/lib/gcc/mips64-elf/13.1.0/../../../../mips64-elf/lib/libdragon.a(ff.o)
                0x80022660                f_sync
 .text.f_close  0x80022980       0x60 /opt/libdragon/lib/gcc/mips64-elf/13.1.0/../../../../mips64-elf/lib/libdragon.a(ff.o)
                0x80022980                f_close
 .text.f_lseek  0x800229e0      0x360 /opt/libdragon/lib/gcc/mips64-elf/13.1.0/../../../../mips64-elf/lib/libdragon.a(ff.o)
                0x800229e0                f_lseek
 .text.f_opendir
                0x80022d40      0x1a0 /opt/libdragon/lib/gcc/mips64-elf/13.1.0/../../../../mips64-elf/lib/libdragon.a(ff.o)
                0x80022d40                f_opendir
 .text.f_readdir
                0x80022ee0       0xe0 /opt/libdragon/lib/gcc/mips64-elf/13.1.0/../../../../mips64-elf/lib/libdragon.a(ff.o)
                0x80022ee0                f_readdir
 .text.f_unlink
                0x80022fc0      0x1c0 /opt/libdragon/lib/gcc/mips64-elf/13.1.0/../../../../mips64-elf/lib/libdragon.a(ff.o)
                0x80022fc0                f_unlink
 .text.ff_uni2oem
                0x80023180       0x80 /opt/libdragon/lib/gcc/mips64-elf/13.1.0/../../../../mips64-elf/lib/libdragon.a(ffunicode.o)
                0x80023180                ff_uni2oem
 .text.ff_oem2uni
                0x80023200       0x60 /opt/libdragon/lib/gcc/mips64-elf/13.1.0/../../../../mips64-elf/lib/libdragon.a(ffunicode.o)
                0x80023200                ff_oem2uni
 .text.ff_wtoupper
                0x80023260      0x160 /opt/libdragon/lib/gcc/mips64-elf/13.1.0/../../../../mips64-elf/lib/libdragon.a(ffunicode.o)
                0x80023260                ff_wtoupper
 .text.get_next_token
                0x800233c0       0xc0 /opt/libdragon/lib/gcc/mips64-elf/13.1.0/../../../../mips64-elf/lib/libdragon.a(dragonfs.o)
 .text.recurse_path
                0x80023480      0x3c0 /opt/libdragon/lib/gcc/mips64-elf/13.1.0/../../../../mips64-elf/lib/libdragon.a(dragonfs.o)
 .text.__close  0x80023840       0x80 /opt/libdragon/lib/gcc/mips64-elf/13.1.0/../../../../mips64-elf/lib/libdragon.a(dragonfs.o)
 .text.__fstat  0x800238c0       0xa0 /opt/libdragon/lib/gcc/mips64-elf/13.1.0/../../../../mips64-elf/lib/libdragon.a(dragonfs.o)
 .text.dfs_dir_findfirst
                0x80023960       0xc0 /opt/libdragon/lib/gcc/mips64-elf/13.1.0/../../../../mips64-elf/lib/libdragon.a(dragonfs.o)
                0x80023960                dfs_dir_findfirst
 .text.__findfirst
                0x80023a20       0x80 /opt/libdragon/lib/gcc/mips64-elf/13.1.0/../../../../mips64-elf/lib/libdragon.a(dragonfs.o)
 .text.dfs_dir_findnext
                0x80023aa0       0xc0 /opt/libdragon/lib/gcc/mips64-elf/13.1.0/../../../../mips64-elf/lib/libdragon.a(dragonfs.o)
                0x80023aa0                dfs_dir_findnext
 .text.__findnext
                0x80023b60       0x80 /opt/libdragon/lib/gcc/mips64-elf/13.1.0/../../../../mips64-elf/lib/libdragon.a(dragonfs.o)
 .text.dfs_open
                0x80023be0      0x120 /opt/libdragon/lib/gcc/mips64-elf/13.1.0/../../../../mips64-elf/lib/libdragon.a(dragonfs.o)
                0x80023be0                dfs_open
 .text.__open   0x80023d00      0x120 /opt/libdragon/lib/gcc/mips64-elf/13.1.0/../../../../mips64-elf/lib/libdragon.a(dragonfs.o)
 .text.dfs_seek
                0x80023e20      0x100 /opt/libdragon/lib/gcc/mips64-elf/13.1.0/../../../../mips64-elf/lib/libdragon.a(dragonfs.o)
                0x80023e20                dfs_seek
 .text.__lseek  0x80023f20       0x80 /opt/libdragon/lib/gcc/mips64-elf/13.1.0/../../../../mips64-elf/lib/libdragon.a(dragonfs.o)
 .text.dfs_read
                0x80023fa0      0x280 /opt/libdragon/lib/gcc/mips64-elf/13.1.0/../../../../mips64-elf/lib/libdragon.a(dragonfs.o)
                0x80023fa0                dfs_read
 .text.__read   0x80024220       0x20 /opt/libdragon/lib/gcc/mips64-elf/13.1.0/../../../../mips64-elf/lib/libdragon.a(dragonfs.o)
 .text.dfs_init
                0x80024240      0x1e0 /opt/libdragon/lib/gcc/mips64-elf/13.1.0/../../../../mips64-elf/lib/libdragon.a(dragonfs.o)
                0x80024240                dfs_init
 .text.audio_callback.part.0
                0x80024420      0x1e0 /opt/libdragon/lib/gcc/mips64-elf/13.1.0/../../../../mips64-elf/lib/libdragon.a(audio.o)
 .text.audio_callback
                0x80024600       0x60 /opt/libdragon/lib/gcc/mips64-elf/13.1.0/../../../../mips64-elf/lib/libdragon.a(audio.o)
 .text.audio_init
                0x80024660      0x200 /opt/libdragon/lib/gcc/mips64-elf/13.1.0/../../../../mips64-elf/lib/libdragon.a(audio.o)
                0x80024660                audio_init
 .text.audio_get_frequency
                0x80024860       0x20 /opt/libdragon/lib/gcc/mips64-elf/13.1.0/../../../../mips64-elf/lib/libdragon.a(audio.o)
                0x80024860                audio_get_frequency
 .text.__display_callback
                0x80024880       0xc0 /opt/libdragon/lib/gcc/mips64-elf/13.1.0/../../../../mips64-elf/lib/libdragon.a(display.o)
 .text.display_show.part.0
                0x80024940      0x140 /opt/libdragon/lib/gcc/mips64-elf/13.1.0/../../../../mips64-elf/lib/libdragon.a(display.o)
 .text.display_init
                0x80024a80      0x600 /opt/libdragon/lib/gcc/mips64-elf/13.1.0/../../../../mips64-elf/lib/libdragon.a(display.o)
                0x80024a80                display_init
 .text.display_close
                0x80025080      0x100 /opt/libdragon/lib/gcc/mips64-elf/13.1.0/../../../../mips64-elf/lib/libdragon.a(display.o)
                0x80025080                display_close
 .text.display_try_get
                0x80025180       0xc0 /opt/libdragon/lib/gcc/mips64-elf/13.1.0/../../../../mips64-elf/lib/libdragon.a(display.o)
                0x80025180                display_try_get
 .text.display_get
                0x80025240      0x100 /opt/libdragon/lib/gcc/mips64-elf/13.1.0/../../../../mips64-elf/lib/libdragon.a(display.o)
                0x80025240                display_get
 .text.display_show
                0x80025340       0x20 /opt/libdragon/lib/gcc/mips64-elf/13.1.0/../../../../mips64-elf/lib/libdragon.a(display.o)
                0x80025340                display_show
 .text.display_show_force
                0x80025360       0x40 /opt/libdragon/lib/gcc/mips64-elf/13.1.0/../../../../mips64-elf/lib/libdragon.a(display.o)
                0x80025360                display_show_force
 .text.display_get_bitdepth
                0x800253a0       0x20 /opt/libdragon/lib/gcc/mips64-elf/13.1.0/../../../../mips64-elf/lib/libdragon.a(display.o)
                0x800253a0                display_get_bitdepth
 .text.tex_format_name
                0x800253c0       0x40 /opt/libdragon/lib/gcc/mips64-elf/13.1.0/../../../../mips64-elf/lib/libdragon.a(surface.o)
                0x800253c0                tex_format_name
 .text.surface_alloc
                0x80025400       0xe0 /opt/libdragon/lib/gcc/mips64-elf/13.1.0/../../../../mips64-elf/lib/libdragon.a(surface.o)
                0x80025400                surface_alloc
 .text.surface_free
                0x800254e0       0x80 /opt/libdragon/lib/gcc/mips64-elf/13.1.0/../../../../mips64-elf/lib/libdragon.a(surface.o)
                0x800254e0                surface_free
 .text.controller_interrupt_update
                0x80025560       0x80 /opt/libdragon/lib/gcc/mips64-elf/13.1.0/../../../../mips64-elf/lib/libdragon.a(controller.o)
 .text.controller_interrupt
                0x800255e0       0x40 /opt/libdragon/lib/gcc/mips64-elf/13.1.0/../../../../mips64-elf/lib/libdragon.a(controller.o)
 .text.controller_init
                0x80025620       0xa0 /opt/libdragon/lib/gcc/mips64-elf/13.1.0/../../../../mips64-elf/lib/libdragon.a(controller.o)
                0x80025620                controller_init
 .text.controller_read
                0x800256c0       0x20 /opt/libdragon/lib/gcc/mips64-elf/13.1.0/../../../../mips64-elf/lib/libdragon.a(controller.o)
                0x800256c0                controller_read
 .text.controller_scan
                0x800256e0      0x100 /opt/libdragon/lib/gcc/mips64-elf/13.1.0/../../../../mips64-elf/lib/libdragon.a(controller.o)
                0x800256e0                controller_scan
 .text.get_keys_down
                0x800257e0       0xa0 /opt/libdragon/lib/gcc/mips64-elf/13.1.0/../../../../mips64-elf/lib/libdragon.a(controller.o)
                0x800257e0                get_keys_down
 .text.get_keys_held
                0x80025880       0xa0 /opt/libdragon/lib/gcc/mips64-elf/13.1.0/../../../../mips64-elf/lib/libdragon.a(controller.o)
                0x80025880                get_keys_held
 .text.rsp_load_code
                0x80025920      0x100 /opt/libdragon/lib/gcc/mips64-elf/13.1.0/../../../../mips64-elf/lib/libdragon.a(rsp.o)
                0x80025920                rsp_load_code
 .text.rsp_load_data
                0x80025a20       0xe0 /opt/libdragon/lib/gcc/mips64-elf/13.1.0/../../../../mips64-elf/lib/libdragon.a(rsp.o)
                0x80025a20                rsp_load_data
 .text.rsp_load
                0x80025b00       0x60 /opt/libdragon/lib/gcc/mips64-elf/13.1.0/../../../../mips64-elf/lib/libdragon.a(rsp.o)
                0x80025b00                rsp_load
 .text.rsp_read_code
                0x80025b60       0xe0 /opt/libdragon/lib/gcc/mips64-elf/13.1.0/../../../../mips64-elf/lib/libdragon.a(rsp.o)
                0x80025b60                rsp_read_code
 .text.rsp_read_data
                0x80025c40       0xe0 /opt/libdragon/lib/gcc/mips64-elf/13.1.0/../../../../mips64-elf/lib/libdragon.a(rsp.o)
                0x80025c40                rsp_read_data
 .text.__rsp_run_async
                0x80025d20       0x40 /opt/libdragon/lib/gcc/mips64-elf/13.1.0/../../../../mips64-elf/lib/libdragon.a(rsp.o)
                0x80025d20                __rsp_run_async
 .text.__rsp_crash
                0x80025d60      0xbe0 /opt/libdragon/lib/gcc/mips64-elf/13.1.0/../../../../mips64-elf/lib/libdragon.a(rsp.o)
                0x80025d60                __rsp_crash
 .text.__rsp_check_assert
                0x80026940       0x80 /opt/libdragon/lib/gcc/mips64-elf/13.1.0/../../../../mips64-elf/lib/libdragon.a(rsp.o)
                0x80026940                __rsp_check_assert
 .text.rsp_wait
                0x800269c0      0x100 /opt/libdragon/lib/gcc/mips64-elf/13.1.0/../../../../mips64-elf/lib/libdragon.a(rsp.o)
                0x800269c0                rsp_wait
 .text.rsp_run  0x80026ac0       0x60 /opt/libdragon/lib/gcc/mips64-elf/13.1.0/../../../../mips64-elf/lib/libdragon.a(rsp.o)
                0x80026ac0                rsp_run
 .text.cb.2     0x80026b20       0x60 /opt/libdragon/lib/gcc/mips64-elf/13.1.0/../../../../mips64-elf/lib/libdragon.a(inspector.o)
 .text.cb.1     0x80026b80       0x60 /opt/libdragon/lib/gcc/mips64-elf/13.1.0/../../../../mips64-elf/lib/libdragon.a(inspector.o)
 .text.cb.0     0x80026be0      0x120 /opt/libdragon/lib/gcc/mips64-elf/13.1.0/../../../../mips64-elf/lib/libdragon.a(inspector.o)
 .text.cb.3     0x80026d00      0x120 /opt/libdragon/lib/gcc/mips64-elf/13.1.0/../../../../mips64-elf/lib/libdragon.a(inspector.o)
 .text.inspector_stdout
                0x80026e20      0x240 /opt/libdragon/lib/gcc/mips64-elf/13.1.0/../../../../mips64-elf/lib/libdragon.a(inspector.o)
 .text.title    0x80027060       0xa0 /opt/libdragon/lib/gcc/mips64-elf/13.1.0/../../../../mips64-elf/lib/libdragon.a(inspector.o)
 .text.mips_disasm
                0x80027100      0x640 /opt/libdragon/lib/gcc/mips64-elf/13.1.0/../../../../mips64-elf/lib/libdragon.a(inspector.o)
 .text.inspector
                0x80027740      0xc40 /opt/libdragon/lib/gcc/mips64-elf/13.1.0/../../../../mips64-elf/lib/libdragon.a(inspector.o)
 .text.handler.4
                0x80028380       0x40 /opt/libdragon/lib/gcc/mips64-elf/13.1.0/../../../../mips64-elf/lib/libdragon.a(inspector.o)
 .text.__inspector_exception
                0x800283c0       0x20 /opt/libdragon/lib/gcc/mips64-elf/13.1.0/../../../../mips64-elf/lib/libdragon.a(inspector.o)
                0x800283c0                __inspector_exception
 .text.__inspector_assertion
                0x800283e0       0x20 /opt/libdragon/lib/gcc/mips64-elf/13.1.0/../../../../mips64-elf/lib/libdragon.a(inspector.o)
                0x800283e0                __inspector_assertion
 .text.startup.__inspector_init
                0x80028400       0x20 /opt/libdragon/lib/gcc/mips64-elf/13.1.0/../../../../mips64-elf/lib/libdragon.a(inspector.o)
                0x80028400                __inspector_init
 .text.sprite_load_buf.part.0
                0x80028420       0x40 /opt/libdragon/lib/gcc/mips64-elf/13.1.0/../../../../mips64-elf/lib/libdragon.a(sprite.o)
 .text.__sprite_ext
                0x80028460       0xa0 /opt/libdragon/lib/gcc/mips64-elf/13.1.0/../../../../mips64-elf/lib/libdragon.a(sprite.o)
                0x80028460                __sprite_ext
 .text.sprite_load
                0x80028500       0xa0 /opt/libdragon/lib/gcc/mips64-elf/13.1.0/../../../../mips64-elf/lib/libdragon.a(sprite.o)
                0x80028500                sprite_load
 .text.sprite_free
                0x800285a0       0x60 /opt/libdragon/lib/gcc/mips64-elf/13.1.0/../../../../mips64-elf/lib/libdragon.a(sprite.o)
                0x800285a0                sprite_free
 .text.sprite_get_pixels
                0x80028600       0x60 /opt/libdragon/lib/gcc/mips64-elf/13.1.0/../../../../mips64-elf/lib/libdragon.a(sprite.o)
                0x80028600                sprite_get_pixels
 .text.sprite_get_palette
                0x80028660       0x60 /opt/libdragon/lib/gcc/mips64-elf/13.1.0/../../../../mips64-elf/lib/libdragon.a(sprite.o)
                0x80028660                sprite_get_palette
 .text.dma_write_raw_async.part.0
                0x800286c0       0x40 /opt/libdragon/lib/gcc/mips64-elf/13.1.0/../../../../mips64-elf/lib/libdragon.a(dma.o)
 .text.io_accessible
                0x80028700       0x40 /opt/libdragon/lib/gcc/mips64-elf/13.1.0/../../../../mips64-elf/lib/libdragon.a(dma.o)
                0x80028700                io_accessible
 .text.dma_read_raw_async
                0x80028740       0xa0 /opt/libdragon/lib/gcc/mips64-elf/13.1.0/../../../../mips64-elf/lib/libdragon.a(dma.o)
                0x80028740                dma_read_raw_async
 .text.dma_write_raw_async
                0x800287e0       0x80 /opt/libdragon/lib/gcc/mips64-elf/13.1.0/../../../../mips64-elf/lib/libdragon.a(dma.o)
                0x800287e0                dma_write_raw_async
 .text.dma_read_async
                0x80028860      0x3a0 /opt/libdragon/lib/gcc/mips64-elf/13.1.0/../../../../mips64-elf/lib/libdragon.a(dma.o)
                0x80028860                dma_read_async
 .text.dma_wait
                0x80028c00       0x20 /opt/libdragon/lib/gcc/mips64-elf/13.1.0/../../../../mips64-elf/lib/libdragon.a(dma.o)
                0x80028c00                dma_wait
 .text.dma_read
                0x80028c20       0x40 /opt/libdragon/lib/gcc/mips64-elf/13.1.0/../../../../mips64-elf/lib/libdragon.a(dma.o)
                0x80028c20                dma_read
 .text.dma_write
                0x80028c60       0xa0 /opt/libdragon/lib/gcc/mips64-elf/13.1.0/../../../../mips64-elf/lib/libdragon.a(dma.o)
                0x80028c60                dma_write
 .text.io_read  0x80028d00       0x60 /opt/libdragon/lib/gcc/mips64-elf/13.1.0/../../../../mips64-elf/lib/libdragon.a(dma.o)
                0x80028d00                io_read
 .text.io_write
                0x80028d60       0x60 /opt/libdragon/lib/gcc/mips64-elf/13.1.0/../../../../mips64-elf/lib/libdragon.a(dma.o)
                0x80028d60                io_write
 .text.timer_update_compare
                0x80028dc0       0x40 /opt/libdragon/lib/gcc/mips64-elf/13.1.0/../../../../mips64-elf/lib/libdragon.a(timer.o)
 .text.timer_overflow_callback
                0x80028e00       0x20 /opt/libdragon/lib/gcc/mips64-elf/13.1.0/../../../../mips64-elf/lib/libdragon.a(timer.o)
 .text.timer_poll
                0x80028e20      0x1c0 /opt/libdragon/lib/gcc/mips64-elf/13.1.0/../../../../mips64-elf/lib/libdragon.a(timer.o)
 .text.timer_init
                0x80028fe0       0xc0 /opt/libdragon/lib/gcc/mips64-elf/13.1.0/../../../../mips64-elf/lib/libdragon.a(timer.o)
                0x80028fe0                timer_init
 .text.cb.0     0x800290a0       0x40 /opt/libdragon/lib/gcc/mips64-elf/13.1.0/../../../../mips64-elf/lib/libdragon.a(exception.o)
 .text.cb.1     0x800290e0       0x80 /opt/libdragon/lib/gcc/mips64-elf/13.1.0/../../../../mips64-elf/lib/libdragon.a(exception.o)
 .text.__get_exception_name.isra.0
                0x80029160      0x1a0 /opt/libdragon/lib/gcc/mips64-elf/13.1.0/../../../../mips64-elf/lib/libdragon.a(exception.o)
 .text.__exception_dump_header
                0x80029300      0x260 /opt/libdragon/lib/gcc/mips64-elf/13.1.0/../../../../mips64-elf/lib/libdragon.a(exception.o)
                0x80029300                __exception_dump_header
 .text.__exception_dump_gpr
                0x80029560      0x160 /opt/libdragon/lib/gcc/mips64-elf/13.1.0/../../../../mips64-elf/lib/libdragon.a(exception.o)
                0x80029560                __exception_dump_gpr
 .text.__exception_dump_fpr
                0x800296c0      0x2a0 /opt/libdragon/lib/gcc/mips64-elf/13.1.0/../../../../mips64-elf/lib/libdragon.a(exception.o)
                0x800296c0                __exception_dump_fpr
 .text.exception_default_handler
                0x80029960      0x1a0 /opt/libdragon/lib/gcc/mips64-elf/13.1.0/../../../../mips64-elf/lib/libdragon.a(exception.o)
                0x80029960                exception_default_handler
 .text.__onCriticalException
                0x80029b00       0x60 /opt/libdragon/lib/gcc/mips64-elf/13.1.0/../../../../mips64-elf/lib/libdragon.a(exception.o)
                0x80029b00                __onCriticalException
 .text.register_syscall_handler
                0x80029b60      0x1a0 /opt/libdragon/lib/gcc/mips64-elf/13.1.0/../../../../mips64-elf/lib/libdragon.a(exception.o)
                0x80029b60                register_syscall_handler
 .text.__onSyscallException
                0x80029d00      0x140 /opt/libdragon/lib/gcc/mips64-elf/13.1.0/../../../../mips64-elf/lib/libdragon.a(exception.o)
                0x80029d00                __onSyscallException
 .text.__register_frame_info
                0x80029e40       0x20 /opt/libdragon/lib/gcc/mips64-elf/13.1.0/../../../../mips64-elf/lib/libdragon.a(do_ctors.o)
                0x80029e40                __register_frame_info
 .text.__wrap___do_global_ctors
                0x80029e60       0xe0 /opt/libdragon/lib/gcc/mips64-elf/13.1.0/../../../../mips64-elf/lib/libdragon.a(do_ctors.o)
                0x80029e60                __wrap___do_global_ctors
 .text.mixer_ch_set_limits
                0x80029f40      0x1a0 /opt/libdragon/lib/gcc/mips64-elf/13.1.0/../../../../mips64-elf/lib/libdragon.a(mixer.o)
                0x80029f40                mixer_ch_set_limits
 .text.mixer_init
                0x8002a0e0      0x180 /opt/libdragon/lib/gcc/mips64-elf/13.1.0/../../../../mips64-elf/lib/libdragon.a(mixer.o)
                0x8002a0e0                mixer_init
 .text.samplebuffer_close
                0x8002a260       0x20 /opt/libdragon/lib/gcc/mips64-elf/13.1.0/../../../../mips64-elf/lib/libdragon.a(samplebuffer.o)
                0x8002a260                samplebuffer_close
 .text.rspq_get_current_ovl
                0x8002a280       0xc0 /opt/libdragon/lib/gcc/mips64-elf/13.1.0/../../../../mips64-elf/lib/libdragon.a(rspq.o)
 .text.rspq_switch_context
                0x8002a340       0x60 /opt/libdragon/lib/gcc/mips64-elf/13.1.0/../../../../mips64-elf/lib/libdragon.a(rspq.o)
 .text.rspq_flush_internal
                0x8002a3a0       0x40 /opt/libdragon/lib/gcc/mips64-elf/13.1.0/../../../../mips64-elf/lib/libdragon.a(rspq.o)
 .text.rspq_crash_handler
                0x8002a3e0      0x340 /opt/libdragon/lib/gcc/mips64-elf/13.1.0/../../../../mips64-elf/lib/libdragon.a(rspq.o)
 .text.rspq_init_context
                0x8002a720       0xa0 /opt/libdragon/lib/gcc/mips64-elf/13.1.0/../../../../mips64-elf/lib/libdragon.a(rspq.o)
 .text.rspq_sp_interrupt
                0x8002a7c0       0xa0 /opt/libdragon/lib/gcc/mips64-elf/13.1.0/../../../../mips64-elf/lib/libdragon.a(rspq.o)
 .text.rspq_assert_handler
                0x8002a860       0xc0 /opt/libdragon/lib/gcc/mips64-elf/13.1.0/../../../../mips64-elf/lib/libdragon.a(rspq.o)
 .text.rspq_switch_buffer.part.0
                0x8002a920       0x40 /opt/libdragon/lib/gcc/mips64-elf/13.1.0/../../../../mips64-elf/lib/libdragon.a(rspq.o)
 .text.rspq_init
                0x8002a960      0x360 /opt/libdragon/lib/gcc/mips64-elf/13.1.0/../../../../mips64-elf/lib/libdragon.a(rspq.o)
                0x8002a960                rspq_init
 .text.rspq_flush
                0x8002acc0       0x40 /opt/libdragon/lib/gcc/mips64-elf/13.1.0/../../../../mips64-elf/lib/libdragon.a(rspq.o)
                0x8002acc0                rspq_flush
 .text.rspq_highpri_begin
                0x8002ad00       0xe0 /opt/libdragon/lib/gcc/mips64-elf/13.1.0/../../../../mips64-elf/lib/libdragon.a(rspq.o)
                0x8002ad00                rspq_highpri_begin
 .text.rspq_highpri_end
                0x8002ade0       0xa0 /opt/libdragon/lib/gcc/mips64-elf/13.1.0/../../../../mips64-elf/lib/libdragon.a(rspq.o)
                0x8002ade0                rspq_highpri_end
 .text.rspq_block_begin
                0x8002ae80      0x100 /opt/libdragon/lib/gcc/mips64-elf/13.1.0/../../../../mips64-elf/lib/libdragon.a(rspq.o)
                0x8002ae80                rspq_block_begin
 .text.rspq_block_end
                0x8002af80       0xa0 /opt/libdragon/lib/gcc/mips64-elf/13.1.0/../../../../mips64-elf/lib/libdragon.a(rspq.o)
                0x8002af80                rspq_block_end
 .text.__rspq_deferred_poll
                0x8002b020       0xe0 /opt/libdragon/lib/gcc/mips64-elf/13.1.0/../../../../mips64-elf/lib/libdragon.a(rspq.o)
                0x8002b020                __rspq_deferred_poll
 .text.rspq_next_buffer
                0x8002b100      0x2e0 /opt/libdragon/lib/gcc/mips64-elf/13.1.0/../../../../mips64-elf/lib/libdragon.a(rspq.o)
                0x8002b100                rspq_next_buffer
 .text.rspq_block_run
                0x8002b3e0      0x120 /opt/libdragon/lib/gcc/mips64-elf/13.1.0/../../../../mips64-elf/lib/libdragon.a(rspq.o)
                0x8002b3e0                rspq_block_run
 .text.rspq_syncpoint_new
                0x8002b500       0xe0 /opt/libdragon/lib/gcc/mips64-elf/13.1.0/../../../../mips64-elf/lib/libdragon.a(rspq.o)
                0x8002b500                rspq_syncpoint_new
 .text.rspq_syncpoint_wait
                0x8002b5e0      0x160 /opt/libdragon/lib/gcc/mips64-elf/13.1.0/../../../../mips64-elf/lib/libdragon.a(rspq.o)
                0x8002b5e0                rspq_syncpoint_wait
 .text.rspq_wait
                0x8002b740      0x180 /opt/libdragon/lib/gcc/mips64-elf/13.1.0/../../../../mips64-elf/lib/libdragon.a(rspq.o)
                0x8002b740                rspq_wait
 .text.rspq_overlay_get_state
                0x8002b8c0      0x160 /opt/libdragon/lib/gcc/mips64-elf/13.1.0/../../../../mips64-elf/lib/libdragon.a(rspq.o)
                0x8002b8c0                rspq_overlay_get_state
 .text.rspq_overlay_register_internal
                0x8002ba20      0x580 /opt/libdragon/lib/gcc/mips64-elf/13.1.0/../../../../mips64-elf/lib/libdragon.a(rspq.o)
 .text.rspq_overlay_register
                0x8002bfa0       0x20 /opt/libdragon/lib/gcc/mips64-elf/13.1.0/../../../../mips64-elf/lib/libdragon.a(rspq.o)
                0x8002bfa0                rspq_overlay_register
 .text.rspq_overlay_register_static
                0x8002bfc0       0x60 /opt/libdragon/lib/gcc/mips64-elf/13.1.0/../../../../mips64-elf/lib/libdragon.a(rspq.o)
                0x8002bfc0                rspq_overlay_register_static
 .text.rdpq_assert_handler
                0x8002c020       0xa0 /opt/libdragon/lib/gcc/mips64-elf/13.1.0/../../../../mips64-elf/lib/libdragon.a(rdpq.o)
 .text.__rdpq_interrupt
                0x8002c0c0       0xa0 /opt/libdragon/lib/gcc/mips64-elf/13.1.0/../../../../mips64-elf/lib/libdragon.a(rdpq.o)
 .text.rdpq_set_tile
                0x8002c160      0x260 /opt/libdragon/lib/gcc/mips64-elf/13.1.0/../../../../mips64-elf/lib/libdragon.a(rdpq.o)
                0x8002c160                rdpq_set_tile
 .text.__rdpq_block_begin
                0x8002c3c0       0x40 /opt/libdragon/lib/gcc/mips64-elf/13.1.0/../../../../mips64-elf/lib/libdragon.a(rdpq.o)
                0x8002c3c0                __rdpq_block_begin
 .text.__rdpq_block_next_buffer
                0x8002c400      0x1c0 /opt/libdragon/lib/gcc/mips64-elf/13.1.0/../../../../mips64-elf/lib/libdragon.a(rdpq.o)
                0x8002c400                __rdpq_block_next_buffer
 .text.rdpq_fence
                0x8002c5c0      0x120 /opt/libdragon/lib/gcc/mips64-elf/13.1.0/../../../../mips64-elf/lib/libdragon.a(rdpq.o)
                0x8002c5c0                rdpq_fence
 .text.__rdpq_block_end
                0x8002c6e0       0x40 /opt/libdragon/lib/gcc/mips64-elf/13.1.0/../../../../mips64-elf/lib/libdragon.a(rdpq.o)
                0x8002c6e0                __rdpq_block_end
 .text.__rdpq_block_run
                0x8002c720       0x40 /opt/libdragon/lib/gcc/mips64-elf/13.1.0/../../../../mips64-elf/lib/libdragon.a(rdpq.o)
                0x8002c720                __rdpq_block_run
 .text.__rdpq_block_reserve
                0x8002c760      0x140 /opt/libdragon/lib/gcc/mips64-elf/13.1.0/../../../../mips64-elf/lib/libdragon.a(rdpq.o)
                0x8002c760                __rdpq_block_reserve
 .text.__rdpq_block_update
                0x8002c8a0      0x120 /opt/libdragon/lib/gcc/mips64-elf/13.1.0/../../../../mips64-elf/lib/libdragon.a(rdpq.o)
                0x8002c8a0                __rdpq_block_update
 .text.__rdpq_write8
                0x8002c9c0       0xe0 /opt/libdragon/lib/gcc/mips64-elf/13.1.0/../../../../mips64-elf/lib/libdragon.a(rdpq.o)
                0x8002c9c0                __rdpq_write8
 .text.__rdpq_autosync_change
                0x8002caa0      0x140 /opt/libdragon/lib/gcc/mips64-elf/13.1.0/../../../../mips64-elf/lib/libdragon.a(rdpq.o)
                0x8002caa0                __rdpq_autosync_change
 .text.__rdpq_write8_syncchange
                0x8002cbe0       0x60 /opt/libdragon/lib/gcc/mips64-elf/13.1.0/../../../../mips64-elf/lib/libdragon.a(rdpq.o)
                0x8002cbe0                __rdpq_write8_syncchange
 .text.__rdpq_fixup_write8_syncchange
                0x8002cc40      0x100 /opt/libdragon/lib/gcc/mips64-elf/13.1.0/../../../../mips64-elf/lib/libdragon.a(rdpq.o)
                0x8002cc40                __rdpq_fixup_write8_syncchange
 .text.__rdpq_write8_syncchangeuse
                0x8002cd40       0x80 /opt/libdragon/lib/gcc/mips64-elf/13.1.0/../../../../mips64-elf/lib/libdragon.a(rdpq.o)
                0x8002cd40                __rdpq_write8_syncchangeuse
 .text.__rdpq_set_scissor
                0x8002cdc0       0xe0 /opt/libdragon/lib/gcc/mips64-elf/13.1.0/../../../../mips64-elf/lib/libdragon.a(rdpq.o)
                0x8002cdc0                __rdpq_set_scissor
 .text.__rdpq_set_fill_color
                0x8002cea0       0xe0 /opt/libdragon/lib/gcc/mips64-elf/13.1.0/../../../../mips64-elf/lib/libdragon.a(rdpq.o)
                0x8002cea0                __rdpq_set_fill_color
 .text.__rdpq_set_color_image
                0x8002cf80      0x140 /opt/libdragon/lib/gcc/mips64-elf/13.1.0/../../../../mips64-elf/lib/libdragon.a(rdpq.o)
                0x8002cf80                __rdpq_set_color_image
 .text.rdpq_set_color_image
                0x8002d0c0      0x180 /opt/libdragon/lib/gcc/mips64-elf/13.1.0/../../../../mips64-elf/lib/libdragon.a(rdpq.o)
                0x8002d0c0                rdpq_set_color_image
 .text.rdpq_set_z_image
                0x8002d240       0xc0 /opt/libdragon/lib/gcc/mips64-elf/13.1.0/../../../../mips64-elf/lib/libdragon.a(rdpq.o)
                0x8002d240                rdpq_set_z_image
 .text.rdpq_set_texture_image
                0x8002d300      0x140 /opt/libdragon/lib/gcc/mips64-elf/13.1.0/../../../../mips64-elf/lib/libdragon.a(rdpq.o)
                0x8002d300                rdpq_set_texture_image
 .text.__rdpq_set_other_modes
                0x8002d440      0x100 /opt/libdragon/lib/gcc/mips64-elf/13.1.0/../../../../mips64-elf/lib/libdragon.a(rdpq.o)
                0x8002d440                __rdpq_set_other_modes
 .text.rdpq_init
                0x8002d540      0x180 /opt/libdragon/lib/gcc/mips64-elf/13.1.0/../../../../mips64-elf/lib/libdragon.a(rdpq.o)
                0x8002d540                rdpq_init
 .text.rdpq_sync_full
                0x8002d6c0      0x100 /opt/libdragon/lib/gcc/mips64-elf/13.1.0/../../../../mips64-elf/lib/libdragon.a(rdpq.o)
                0x8002d6c0                rdpq_sync_full
 .text.__rdpq_fill_rectangle
                0x8002d7c0      0x120 /opt/libdragon/lib/gcc/mips64-elf/13.1.0/../../../../mips64-elf/lib/libdragon.a(rdpq_rect.o)
                0x8002d7c0                __rdpq_fill_rectangle
 .text.__rdpq_fill_rectangle_offline
                0x8002d8e0       0x80 /opt/libdragon/lib/gcc/mips64-elf/13.1.0/../../../../mips64-elf/lib/libdragon.a(rdpq_rect.o)
                0x8002d8e0                __rdpq_fill_rectangle_offline
 .text.__rdpq_texture_rectangle
                0x8002d960      0x1a0 /opt/libdragon/lib/gcc/mips64-elf/13.1.0/../../../../mips64-elf/lib/libdragon.a(rdpq_rect.o)
                0x8002d960                __rdpq_texture_rectangle
 .text.__rdpq_texture_rectangle_offline
                0x8002db00      0x1a0 /opt/libdragon/lib/gcc/mips64-elf/13.1.0/../../../../mips64-elf/lib/libdragon.a(rdpq_rect.o)
                0x8002db00                __rdpq_texture_rectangle_offline
 .text.__rdpq_texture_rectangle_scaled_offline
                0x8002dca0      0x200 /opt/libdragon/lib/gcc/mips64-elf/13.1.0/../../../../mips64-elf/lib/libdragon.a(rdpq_rect.o)
                0x8002dca0                __rdpq_texture_rectangle_scaled_offline
 .text.__rdpq_fixup_mode
                0x8002dea0       0xc0 /opt/libdragon/lib/gcc/mips64-elf/13.1.0/../../../../mips64-elf/lib/libdragon.a(rdpq_mode.o)
                0x8002dea0                __rdpq_fixup_mode
 .text.__rdpq_fixup_mode3
                0x8002df60       0xe0 /opt/libdragon/lib/gcc/mips64-elf/13.1.0/../../../../mips64-elf/lib/libdragon.a(rdpq_mode.o)
                0x8002df60                __rdpq_fixup_mode3
 .text.__rdpq_reset_render_mode
                0x8002e040       0xe0 /opt/libdragon/lib/gcc/mips64-elf/13.1.0/../../../../mips64-elf/lib/libdragon.a(rdpq_mode.o)
                0x8002e040                __rdpq_reset_render_mode
 .text.rdpq_mode_push
                0x8002e120       0x40 /opt/libdragon/lib/gcc/mips64-elf/13.1.0/../../../../mips64-elf/lib/libdragon.a(rdpq_mode.o)
                0x8002e120                rdpq_mode_push
 .text.rdpq_mode_pop
                0x8002e160       0x20 /opt/libdragon/lib/gcc/mips64-elf/13.1.0/../../../../mips64-elf/lib/libdragon.a(rdpq_mode.o)
                0x8002e160                rdpq_mode_pop
 .text.__rdpq_set_mode_fill
                0x8002e180       0x80 /opt/libdragon/lib/gcc/mips64-elf/13.1.0/../../../../mips64-elf/lib/libdragon.a(rdpq_mode.o)
                0x8002e180                __rdpq_set_mode_fill
 .text.rdpq_set_mode_copy
                0x8002e200       0x80 /opt/libdragon/lib/gcc/mips64-elf/13.1.0/../../../../mips64-elf/lib/libdragon.a(rdpq_mode.o)
                0x8002e200                rdpq_set_mode_copy
 .text.sprite_upload_palette
                0x8002e280       0xe0 /opt/libdragon/lib/gcc/mips64-elf/13.1.0/../../../../mips64-elf/lib/libdragon.a(rdpq_sprite.o)
 .text.rdpq_sprite_blit
                0x8002e360       0x80 /opt/libdragon/lib/gcc/mips64-elf/13.1.0/../../../../mips64-elf/lib/libdragon.a(rdpq_sprite.o)
                0x8002e360                rdpq_sprite_blit
 .text.texload_recalc_tileparms
                0x8002e3e0      0x400 /opt/libdragon/lib/gcc/mips64-elf/13.1.0/../../../../mips64-elf/lib/libdragon.a(rdpq_tex.o)
 .text.texload_set_rect
                0x8002e7e0      0x220 /opt/libdragon/lib/gcc/mips64-elf/13.1.0/../../../../mips64-elf/lib/libdragon.a(rdpq_tex.o)
 .text.tex_xblit_norotate_noscale
                0x8002ea00      0x140 /opt/libdragon/lib/gcc/mips64-elf/13.1.0/../../../../mips64-elf/lib/libdragon.a(rdpq_tex.o)
 .text.tex_xblit_norotate
                0x8002eb40      0x220 /opt/libdragon/lib/gcc/mips64-elf/13.1.0/../../../../mips64-elf/lib/libdragon.a(rdpq_tex.o)
 .text.draw_cb.0
                0x8002ed60      0x100 /opt/libdragon/lib/gcc/mips64-elf/13.1.0/../../../../mips64-elf/lib/libdragon.a(rdpq_tex.o)
 .text.draw_cb.1
                0x8002ee60      0x140 /opt/libdragon/lib/gcc/mips64-elf/13.1.0/../../../../mips64-elf/lib/libdragon.a(rdpq_tex.o)
 .text.tex_xblit
                0x8002efa0      0x2e0 /opt/libdragon/lib/gcc/mips64-elf/13.1.0/../../../../mips64-elf/lib/libdragon.a(rdpq_tex.o)
 .text.draw_cb_multi_rot.2
                0x8002f280      0x300 /opt/libdragon/lib/gcc/mips64-elf/13.1.0/../../../../mips64-elf/lib/libdragon.a(rdpq_tex.o)
 .text.draw_cb.3
                0x8002f580      0x1c0 /opt/libdragon/lib/gcc/mips64-elf/13.1.0/../../../../mips64-elf/lib/libdragon.a(rdpq_tex.o)
 .text.rdpq_load_block.part.0
                0x8002f740       0x40 /opt/libdragon/lib/gcc/mips64-elf/13.1.0/../../../../mips64-elf/lib/libdragon.a(rdpq_tex.o)
 .text.texload_tile
                0x8002f780      0x260 /opt/libdragon/lib/gcc/mips64-elf/13.1.0/../../../../mips64-elf/lib/libdragon.a(rdpq_tex.o)
 .text.texload_tile_4bpp
                0x8002f9e0      0x360 /opt/libdragon/lib/gcc/mips64-elf/13.1.0/../../../../mips64-elf/lib/libdragon.a(rdpq_tex.o)
 .text.texload_block_4bpp
                0x8002fd40      0x440 /opt/libdragon/lib/gcc/mips64-elf/13.1.0/../../../../mips64-elf/lib/libdragon.a(rdpq_tex.o)
 .text.texload_block_8bpp
                0x80030180      0x400 /opt/libdragon/lib/gcc/mips64-elf/13.1.0/../../../../mips64-elf/lib/libdragon.a(rdpq_tex.o)
 .text.texload_block
                0x80030580      0x3e0 /opt/libdragon/lib/gcc/mips64-elf/13.1.0/../../../../mips64-elf/lib/libdragon.a(rdpq_tex.o)
 .text.tex_loader_load
                0x80030960      0x120 /opt/libdragon/lib/gcc/mips64-elf/13.1.0/../../../../mips64-elf/lib/libdragon.a(rdpq_tex.o)
                0x80030960                tex_loader_load
 .text.ltd_texloader
                0x80030a80      0x220 /opt/libdragon/lib/gcc/mips64-elf/13.1.0/../../../../mips64-elf/lib/libdragon.a(rdpq_tex.o)
 .text.__rdpq_tex_blit
                0x80030ca0       0xc0 /opt/libdragon/lib/gcc/mips64-elf/13.1.0/../../../../mips64-elf/lib/libdragon.a(rdpq_tex.o)
                0x80030ca0                __rdpq_tex_blit
 .text.rdpq_tex_blit
                0x80030d60       0x40 /opt/libdragon/lib/gcc/mips64-elf/13.1.0/../../../../mips64-elf/lib/libdragon.a(rdpq_tex.o)
                0x80030d60                rdpq_tex_blit
 .text.rdpq_tex_upload_tlut
                0x80030da0      0x1a0 /opt/libdragon/lib/gcc/mips64-elf/13.1.0/../../../../mips64-elf/lib/libdragon.a(rdpq_tex.o)
                0x80030da0                rdpq_tex_upload_tlut
 .text.rdpq_attach.part.0
                0x80030f40       0x40 /opt/libdragon/lib/gcc/mips64-elf/13.1.0/../../../../mips64-elf/lib/libdragon.a(rdpq_attach.o)
 .text.attach   0x80030f80      0x220 /opt/libdragon/lib/gcc/mips64-elf/13.1.0/../../../../mips64-elf/lib/libdragon.a(rdpq_attach.o)
 .text.rdpq_attach
                0x800311a0       0x40 /opt/libdragon/lib/gcc/mips64-elf/13.1.0/../../../../mips64-elf/lib/libdragon.a(rdpq_attach.o)
                0x800311a0                rdpq_attach
 .text.rdpq_attach_clear
                0x800311e0       0x20 /opt/libdragon/lib/gcc/mips64-elf/13.1.0/../../../../mips64-elf/lib/libdragon.a(rdpq_attach.o)
                0x800311e0                rdpq_attach_clear
 .text.rdpq_detach_cb
                0x80031200       0xc0 /opt/libdragon/lib/gcc/mips64-elf/13.1.0/../../../../mips64-elf/lib/libdragon.a(rdpq_attach.o)
                0x80031200                rdpq_detach_cb
 .text.rdpq_detach_show
                0x800312c0       0x80 /opt/libdragon/lib/gcc/mips64-elf/13.1.0/../../../../mips64-elf/lib/libdragon.a(rdpq_attach.o)
                0x800312c0                rdpq_detach_show
 .text.__MI_handler
                0x80031340      0x220 /opt/libdragon/lib/gcc/mips64-elf/13.1.0/../../../../mips64-elf/lib/libdragon.a(interrupt.o)
                0x80031340                __MI_handler
 .text.__TI_handler
                0x80031560       0x60 /opt/libdragon/lib/gcc/mips64-elf/13.1.0/../../../../mips64-elf/lib/libdragon.a(interrupt.o)
                0x80031560                __TI_handler
 .text.__CART_handler
                0x800315c0       0xa0 /opt/libdragon/lib/gcc/mips64-elf/13.1.0/../../../../mips64-elf/lib/libdragon.a(interrupt.o)
                0x800315c0                __CART_handler
 .text.__RESET_handler
                0x80031660       0x60 /opt/libdragon/lib/gcc/mips64-elf/13.1.0/../../../../mips64-elf/lib/libdragon.a(interrupt.o)
                0x80031660                __RESET_handler
 .text.register_AI_handler
                0x800316c0       0x60 /opt/libdragon/lib/gcc/mips64-elf/13.1.0/../../../../mips64-elf/lib/libdragon.a(interrupt.o)
                0x800316c0                register_AI_handler
 .text.register_VI_handler
                0x80031720       0x60 /opt/libdragon/lib/gcc/mips64-elf/13.1.0/../../../../mips64-elf/lib/libdragon.a(interrupt.o)
                0x80031720                register_VI_handler
 .text.unregister_VI_handler
                0x80031780       0x60 /opt/libdragon/lib/gcc/mips64-elf/13.1.0/../../../../mips64-elf/lib/libdragon.a(interrupt.o)
                0x80031780                unregister_VI_handler
 .text.register_DP_handler
                0x800317e0       0x60 /opt/libdragon/lib/gcc/mips64-elf/13.1.0/../../../../mips64-elf/lib/libdragon.a(interrupt.o)
                0x800317e0                register_DP_handler
 .text.register_SI_handler
                0x80031840       0x60 /opt/libdragon/lib/gcc/mips64-elf/13.1.0/../../../../mips64-elf/lib/libdragon.a(interrupt.o)
                0x80031840                register_SI_handler
 .text.register_SP_handler
                0x800318a0       0x60 /opt/libdragon/lib/gcc/mips64-elf/13.1.0/../../../../mips64-elf/lib/libdragon.a(interrupt.o)
                0x800318a0                register_SP_handler
 .text.register_TI_handler
                0x80031900       0x60 /opt/libdragon/lib/gcc/mips64-elf/13.1.0/../../../../mips64-elf/lib/libdragon.a(interrupt.o)
                0x80031900                register_TI_handler
 .text.set_AI_interrupt
                0x80031960       0x40 /opt/libdragon/lib/gcc/mips64-elf/13.1.0/../../../../mips64-elf/lib/libdragon.a(interrupt.o)
                0x80031960                set_AI_interrupt
 .text.set_VI_interrupt
                0x800319a0       0x40 /opt/libdragon/lib/gcc/mips64-elf/13.1.0/../../../../mips64-elf/lib/libdragon.a(interrupt.o)
                0x800319a0                set_VI_interrupt
 .text.set_DP_interrupt
                0x800319e0       0x40 /opt/libdragon/lib/gcc/mips64-elf/13.1.0/../../../../mips64-elf/lib/libdragon.a(interrupt.o)
                0x800319e0                set_DP_interrupt
 .text.set_SI_interrupt
                0x80031a20       0x40 /opt/libdragon/lib/gcc/mips64-elf/13.1.0/../../../../mips64-elf/lib/libdragon.a(interrupt.o)
                0x80031a20                set_SI_interrupt
 .text.set_SP_interrupt
                0x80031a60       0x40 /opt/libdragon/lib/gcc/mips64-elf/13.1.0/../../../../mips64-elf/lib/libdragon.a(interrupt.o)
                0x80031a60                set_SP_interrupt
 .text.set_TI_interrupt
                0x80031aa0       0x40 /opt/libdragon/lib/gcc/mips64-elf/13.1.0/../../../../mips64-elf/lib/libdragon.a(interrupt.o)
                0x80031aa0                set_TI_interrupt
 .text.startup.__init_interrupts
                0x80031ae0       0x40 /opt/libdragon/lib/gcc/mips64-elf/13.1.0/../../../../mips64-elf/lib/libdragon.a(interrupt.o)
                0x80031ae0                __init_interrupts
 .text.disable_interrupts
                0x80031b20       0x60 /opt/libdragon/lib/gcc/mips64-elf/13.1.0/../../../../mips64-elf/lib/libdragon.a(interrupt.o)
                0x80031b20                disable_interrupts
 .text.enable_interrupts
                0x80031b80       0x80 /opt/libdragon/lib/gcc/mips64-elf/13.1.0/../../../../mips64-elf/lib/libdragon.a(interrupt.o)
                0x80031b80                enable_interrupts
 .text.get_interrupts_state
                0x80031c00       0x20 /opt/libdragon/lib/gcc/mips64-elf/13.1.0/../../../../mips64-elf/lib/libdragon.a(interrupt.o)
                0x80031c00                get_interrupts_state
 .text.exception_reset_time
                0x80031c20       0x20 /opt/libdragon/lib/gcc/mips64-elf/13.1.0/../../../../mips64-elf/lib/libdragon.a(interrupt.o)
                0x80031c20                exception_reset_time
 .text.cb.0     0x80031c40       0x40 /opt/libdragon/lib/gcc/mips64-elf/13.1.0/../../../../mips64-elf/lib/libdragon.a(backtrace.o)
 .text.symt_open
                0x80031c80      0x1e0 /opt/libdragon/lib/gcc/mips64-elf/13.1.0/../../../../mips64-elf/lib/libdragon.a(backtrace.o)
 .text.symt_addrtab_entry.isra.0
                0x80031e60       0x60 /opt/libdragon/lib/gcc/mips64-elf/13.1.0/../../../../mips64-elf/lib/libdragon.a(backtrace.o)
 .text.format_entry
                0x80031ec0      0x240 /opt/libdragon/lib/gcc/mips64-elf/13.1.0/../../../../mips64-elf/lib/libdragon.a(backtrace.o)
 .text.symt_addrtab_search